Archive member included to satisfy reference by file (symbol)

/usr/bin/../lib/gcc/arm-none-eabi/12.2.1/../../../../arm-none-eabi/lib/libc.a(libc_a-exit.o)
                              /usr/bin/../lib/gcc/arm-none-eabi/12.2.1/../../../../arm-none-eabi/lib/crt0.o (exit)
/usr/bin/../lib/gcc/arm-none-eabi/12.2.1/../../../../arm-none-eabi/lib/libc.a(libc_a-__call_atexit.o)
                              /usr/bin/../lib/gcc/arm-none-eabi/12.2.1/../../../../arm-none-eabi/lib/libc.a(libc_a-exit.o) (__call_exitprocs)
/usr/bin/../lib/gcc/arm-none-eabi/12.2.1/../../../../arm-none-eabi/lib/libc.a(libc_a-memset.o)
                              /usr/bin/../lib/gcc/arm-none-eabi/12.2.1/../../../../arm-none-eabi/lib/crt0.o (memset)
/usr/bin/../lib/gcc/arm-none-eabi/12.2.1/../../../../arm-none-eabi/lib/libc.a(libc_a-init.o)
                              /usr/bin/../lib/gcc/arm-none-eabi/12.2.1/../../../../arm-none-eabi/lib/crt0.o (__libc_init_array)
/usr/bin/../lib/gcc/arm-none-eabi/12.2.1/../../../../arm-none-eabi/lib/libc.a(libc_a-fini.o)
                              /usr/bin/../lib/gcc/arm-none-eabi/12.2.1/../../../../arm-none-eabi/lib/libc.a(libc_a-__call_atexit.o) (__libc_fini_array)
/usr/bin/../lib/gcc/arm-none-eabi/12.2.1/../../../../arm-none-eabi/lib/libc.a(libc_a-lock.o)
                              /usr/bin/../lib/gcc/arm-none-eabi/12.2.1/../../../../arm-none-eabi/lib/libc.a(libc_a-__call_atexit.o) (__retarget_lock_acquire_recursive)
/usr/bin/../lib/gcc/arm-none-eabi/12.2.1/../../../../arm-none-eabi/lib/libc.a(libc_a-atexit.o)
                              /usr/bin/../lib/gcc/arm-none-eabi/12.2.1/../../../../arm-none-eabi/lib/libc.a(libc_a-__call_atexit.o) (atexit)
/usr/bin/../lib/gcc/arm-none-eabi/12.2.1/../../../../arm-none-eabi/lib/libc.a(libc_a-findfp.o)
                              /usr/bin/../lib/gcc/arm-none-eabi/12.2.1/../../../../arm-none-eabi/lib/libc.a(libc_a-exit.o) (__stdio_exit_handler)
/usr/bin/../lib/gcc/arm-none-eabi/12.2.1/../../../../arm-none-eabi/lib/libc.a(libc_a-stdio.o)
                              /usr/bin/../lib/gcc/arm-none-eabi/12.2.1/../../../../arm-none-eabi/lib/libc.a(libc_a-findfp.o) (__sread)
/usr/bin/../lib/gcc/arm-none-eabi/12.2.1/../../../../arm-none-eabi/lib/libc.a(libc_a-fwalk.o)
                              /usr/bin/../lib/gcc/arm-none-eabi/12.2.1/../../../../arm-none-eabi/lib/libc.a(libc_a-findfp.o) (_fwalk_sglue)
/usr/bin/../lib/gcc/arm-none-eabi/12.2.1/../../../../arm-none-eabi/lib/libc.a(libc_a-writer.o)
                              /usr/bin/../lib/gcc/arm-none-eabi/12.2.1/../../../../arm-none-eabi/lib/libc.a(libc_a-stdio.o) (_write_r)
/usr/bin/../lib/gcc/arm-none-eabi/12.2.1/../../../../arm-none-eabi/lib/libc.a(libc_a-__atexit.o)
                              /usr/bin/../lib/gcc/arm-none-eabi/12.2.1/../../../../arm-none-eabi/lib/libc.a(libc_a-atexit.o) (__register_exitproc)
/usr/bin/../lib/gcc/arm-none-eabi/12.2.1/../../../../arm-none-eabi/lib/libc.a(libc_a-mallocr.o)
                              /usr/bin/../lib/gcc/arm-none-eabi/12.2.1/../../../../arm-none-eabi/lib/libc.a(libc_a-findfp.o) (_malloc_r)
/usr/bin/../lib/gcc/arm-none-eabi/12.2.1/../../../../arm-none-eabi/lib/libc.a(libc_a-fclose.o)
                              /usr/bin/../lib/gcc/arm-none-eabi/12.2.1/../../../../arm-none-eabi/lib/libc.a(libc_a-findfp.o) (_fclose_r)
/usr/bin/../lib/gcc/arm-none-eabi/12.2.1/../../../../arm-none-eabi/lib/libc.a(libc_a-sysconf.o)
                              /usr/bin/../lib/gcc/arm-none-eabi/12.2.1/../../../../arm-none-eabi/lib/libc.a(libc_a-mallocr.o) (sysconf)
/usr/bin/../lib/gcc/arm-none-eabi/12.2.1/../../../../arm-none-eabi/lib/libc.a(libc_a-mlock.o)
                              /usr/bin/../lib/gcc/arm-none-eabi/12.2.1/../../../../arm-none-eabi/lib/libc.a(libc_a-mallocr.o) (__malloc_lock)
/usr/bin/../lib/gcc/arm-none-eabi/12.2.1/../../../../arm-none-eabi/lib/libc.a(libc_a-closer.o)
                              /usr/bin/../lib/gcc/arm-none-eabi/12.2.1/../../../../arm-none-eabi/lib/libc.a(libc_a-stdio.o) (_close_r)
/usr/bin/../lib/gcc/arm-none-eabi/12.2.1/../../../../arm-none-eabi/lib/libc.a(libc_a-reent.o)
                              /usr/bin/../lib/gcc/arm-none-eabi/12.2.1/../../../../arm-none-eabi/lib/libc.a(libc_a-writer.o) (errno)
/usr/bin/../lib/gcc/arm-none-eabi/12.2.1/../../../../arm-none-eabi/lib/libc.a(libc_a-fflush.o)
                              /usr/bin/../lib/gcc/arm-none-eabi/12.2.1/../../../../arm-none-eabi/lib/libc.a(libc_a-fclose.o) (__sflush_r)
/usr/bin/../lib/gcc/arm-none-eabi/12.2.1/../../../../arm-none-eabi/lib/libc.a(libc_a-impure.o)
                              /usr/bin/../lib/gcc/arm-none-eabi/12.2.1/../../../../arm-none-eabi/lib/libc.a(libc_a-fclose.o) (_impure_ptr)
/usr/bin/../lib/gcc/arm-none-eabi/12.2.1/../../../../arm-none-eabi/lib/libc.a(libc_a-freer.o)
                              /usr/bin/../lib/gcc/arm-none-eabi/12.2.1/../../../../arm-none-eabi/lib/libc.a(libc_a-mallocr.o) (_free_r)
/usr/bin/../lib/gcc/arm-none-eabi/12.2.1/../../../../arm-none-eabi/lib/libc.a(libc_a-lseekr.o)
                              /usr/bin/../lib/gcc/arm-none-eabi/12.2.1/../../../../arm-none-eabi/lib/libc.a(libc_a-stdio.o) (_lseek_r)
/usr/bin/../lib/gcc/arm-none-eabi/12.2.1/../../../../arm-none-eabi/lib/libc.a(libc_a-readr.o)
                              /usr/bin/../lib/gcc/arm-none-eabi/12.2.1/../../../../arm-none-eabi/lib/libc.a(libc_a-stdio.o) (_read_r)
/usr/bin/../lib/gcc/arm-none-eabi/12.2.1/../../../../arm-none-eabi/lib/libc.a(libc_a-sbrkr.o)
                              /usr/bin/../lib/gcc/arm-none-eabi/12.2.1/../../../../arm-none-eabi/lib/libc.a(libc_a-mallocr.o) (_sbrk_r)
/usr/bin/../lib/gcc/arm-none-eabi/12.2.1/../../../../arm-none-eabi/lib/libc.a(libc_a-errno.o)
                              /usr/bin/../lib/gcc/arm-none-eabi/12.2.1/../../../../arm-none-eabi/lib/libc.a(libc_a-sysconf.o) (__errno)
/usr/bin/../lib/gcc/arm-none-eabi/12.2.1/libgcc.a(_udivsi3.o)
                              /usr/bin/../lib/gcc/arm-none-eabi/12.2.1/../../../../arm-none-eabi/lib/libc.a(libc_a-freer.o) (__aeabi_uidiv)
/usr/bin/../lib/gcc/arm-none-eabi/12.2.1/libgcc.a(_dvmd_tls.o)
                              /usr/bin/../lib/gcc/arm-none-eabi/12.2.1/libgcc.a(_udivsi3.o) (__aeabi_idiv0)
/usr/bin/../lib/gcc/arm-none-eabi/12.2.1/../../../../arm-none-eabi/lib/libnosys.a(close.o)
                              /usr/bin/../lib/gcc/arm-none-eabi/12.2.1/../../../../arm-none-eabi/lib/libc.a(libc_a-closer.o) (_close)
/usr/bin/../lib/gcc/arm-none-eabi/12.2.1/../../../../arm-none-eabi/lib/libnosys.a(lseek.o)
                              /usr/bin/../lib/gcc/arm-none-eabi/12.2.1/../../../../arm-none-eabi/lib/libc.a(libc_a-lseekr.o) (_lseek)
/usr/bin/../lib/gcc/arm-none-eabi/12.2.1/../../../../arm-none-eabi/lib/libnosys.a(read.o)
                              /usr/bin/../lib/gcc/arm-none-eabi/12.2.1/../../../../arm-none-eabi/lib/libc.a(libc_a-readr.o) (_read)
/usr/bin/../lib/gcc/arm-none-eabi/12.2.1/../../../../arm-none-eabi/lib/libnosys.a(sbrk.o)
                              /usr/bin/../lib/gcc/arm-none-eabi/12.2.1/../../../../arm-none-eabi/lib/libc.a(libc_a-sbrkr.o) (_sbrk)
/usr/bin/../lib/gcc/arm-none-eabi/12.2.1/../../../../arm-none-eabi/lib/libnosys.a(write.o)
                              /usr/bin/../lib/gcc/arm-none-eabi/12.2.1/../../../../arm-none-eabi/lib/libc.a(libc_a-writer.o) (_write)
/usr/bin/../lib/gcc/arm-none-eabi/12.2.1/../../../../arm-none-eabi/lib/libnosys.a(_exit.o)
                              /usr/bin/../lib/gcc/arm-none-eabi/12.2.1/../../../../arm-none-eabi/lib/libc.a(libc_a-exit.o) (_exit)

Discarded input sections

 .text          0x0000000000000000        0x0 /usr/bin/../lib/gcc/arm-none-eabi/12.2.1/crti.o
 .data          0x0000000000000000        0x0 /usr/bin/../lib/gcc/arm-none-eabi/12.2.1/crti.o
 .bss           0x0000000000000000        0x0 /usr/bin/../lib/gcc/arm-none-eabi/12.2.1/crti.o
 .text          0x0000000000000000        0x0 /usr/bin/../lib/gcc/arm-none-eabi/12.2.1/crtbegin.o
 .data          0x0000000000000000        0x0 /usr/bin/../lib/gcc/arm-none-eabi/12.2.1/crtbegin.o
 .bss           0x0000000000000000        0x0 /usr/bin/../lib/gcc/arm-none-eabi/12.2.1/crtbegin.o
 .rodata.all_implied_fbits
                0x0000000000000000       0x24 /usr/bin/../lib/gcc/arm-none-eabi/12.2.1/crtbegin.o
 .data.__dso_handle
                0x0000000000000000        0x4 /usr/bin/../lib/gcc/arm-none-eabi/12.2.1/crtbegin.o
 .data          0x0000000000000000        0x0 /usr/bin/../lib/gcc/arm-none-eabi/12.2.1/../../../../arm-none-eabi/lib/crt0.o
 .bss           0x0000000000000000        0x0 /usr/bin/../lib/gcc/arm-none-eabi/12.2.1/../../../../arm-none-eabi/lib/crt0.o
 .ARM.extab     0x0000000000000000        0x0 /usr/bin/../lib/gcc/arm-none-eabi/12.2.1/../../../../arm-none-eabi/lib/crt0.o
 .data          0x0000000000000000        0x0 main.o
 .bss           0x0000000000000000        0x0 main.o
 .text          0x0000000000000000        0x0 /usr/bin/../lib/gcc/arm-none-eabi/12.2.1/../../../../arm-none-eabi/lib/libc.a(libc_a-exit.o)
 .data          0x0000000000000000        0x0 /usr/bin/../lib/gcc/arm-none-eabi/12.2.1/../../../../arm-none-eabi/lib/libc.a(libc_a-exit.o)
 .bss           0x0000000000000000        0x0 /usr/bin/../lib/gcc/arm-none-eabi/12.2.1/../../../../arm-none-eabi/lib/libc.a(libc_a-exit.o)
 .text          0x0000000000000000        0x0 /usr/bin/../lib/gcc/arm-none-eabi/12.2.1/../../../../arm-none-eabi/lib/libc.a(libc_a-__call_atexit.o)
 .data          0x0000000000000000        0x0 /usr/bin/../lib/gcc/arm-none-eabi/12.2.1/../../../../arm-none-eabi/lib/libc.a(libc_a-__call_atexit.o)
 .bss           0x0000000000000000        0x0 /usr/bin/../lib/gcc/arm-none-eabi/12.2.1/../../../../arm-none-eabi/lib/libc.a(libc_a-__call_atexit.o)
 .text          0x0000000000000000        0x0 /usr/bin/../lib/gcc/arm-none-eabi/12.2.1/../../../../arm-none-eabi/lib/libc.a(libc_a-memset.o)
 .data          0x0000000000000000        0x0 /usr/bin/../lib/gcc/arm-none-eabi/12.2.1/../../../../arm-none-eabi/lib/libc.a(libc_a-memset.o)
 .bss           0x0000000000000000        0x0 /usr/bin/../lib/gcc/arm-none-eabi/12.2.1/../../../../arm-none-eabi/lib/libc.a(libc_a-memset.o)
 .text          0x0000000000000000        0x0 /usr/bin/../lib/gcc/arm-none-eabi/12.2.1/../../../../arm-none-eabi/lib/libc.a(libc_a-init.o)
 .data          0x0000000000000000        0x0 /usr/bin/../lib/gcc/arm-none-eabi/12.2.1/../../../../arm-none-eabi/lib/libc.a(libc_a-init.o)
 .bss           0x0000000000000000        0x0 /usr/bin/../lib/gcc/arm-none-eabi/12.2.1/../../../../arm-none-eabi/lib/libc.a(libc_a-init.o)
 .text          0x0000000000000000        0x0 /usr/bin/../lib/gcc/arm-none-eabi/12.2.1/../../../../arm-none-eabi/lib/libc.a(libc_a-fini.o)
 .data          0x0000000000000000        0x0 /usr/bin/../lib/gcc/arm-none-eabi/12.2.1/../../../../arm-none-eabi/lib/libc.a(libc_a-fini.o)
 .bss           0x0000000000000000        0x0 /usr/bin/../lib/gcc/arm-none-eabi/12.2.1/../../../../arm-none-eabi/lib/libc.a(libc_a-fini.o)
 .text          0x0000000000000000        0x0 /usr/bin/../lib/gcc/arm-none-eabi/12.2.1/../../../../arm-none-eabi/lib/libc.a(libc_a-lock.o)
 .data          0x0000000000000000        0x0 /usr/bin/../lib/gcc/arm-none-eabi/12.2.1/../../../../arm-none-eabi/lib/libc.a(libc_a-lock.o)
 .bss           0x0000000000000000        0x0 /usr/bin/../lib/gcc/arm-none-eabi/12.2.1/../../../../arm-none-eabi/lib/libc.a(libc_a-lock.o)
 .text.__retarget_lock_init
                0x0000000000000000        0x4 /usr/bin/../lib/gcc/arm-none-eabi/12.2.1/../../../../arm-none-eabi/lib/libc.a(libc_a-lock.o)
 .text.__retarget_lock_init_recursive
                0x0000000000000000        0x4 /usr/bin/../lib/gcc/arm-none-eabi/12.2.1/../../../../arm-none-eabi/lib/libc.a(libc_a-lock.o)
 .text.__retarget_lock_close
                0x0000000000000000        0x4 /usr/bin/../lib/gcc/arm-none-eabi/12.2.1/../../../../arm-none-eabi/lib/libc.a(libc_a-lock.o)
 .text.__retarget_lock_close_recursive
                0x0000000000000000        0x4 /usr/bin/../lib/gcc/arm-none-eabi/12.2.1/../../../../arm-none-eabi/lib/libc.a(libc_a-lock.o)
 .text.__retarget_lock_acquire
                0x0000000000000000        0x4 /usr/bin/../lib/gcc/arm-none-eabi/12.2.1/../../../../arm-none-eabi/lib/libc.a(libc_a-lock.o)
 .text.__retarget_lock_try_acquire
                0x0000000000000000        0x8 /usr/bin/../lib/gcc/arm-none-eabi/12.2.1/../../../../arm-none-eabi/lib/libc.a(libc_a-lock.o)
 .text.__retarget_lock_try_acquire_recursive
                0x0000000000000000        0x8 /usr/bin/../lib/gcc/arm-none-eabi/12.2.1/../../../../arm-none-eabi/lib/libc.a(libc_a-lock.o)
 .text.__retarget_lock_release
                0x0000000000000000        0x4 /usr/bin/../lib/gcc/arm-none-eabi/12.2.1/../../../../arm-none-eabi/lib/libc.a(libc_a-lock.o)
 .bss.__lock___arc4random_mutex
                0x0000000000000000        0x1 /usr/bin/../lib/gcc/arm-none-eabi/12.2.1/../../../../arm-none-eabi/lib/libc.a(libc_a-lock.o)
 .bss.__lock___dd_hash_mutex
                0x0000000000000000        0x1 /usr/bin/../lib/gcc/arm-none-eabi/12.2.1/../../../../arm-none-eabi/lib/libc.a(libc_a-lock.o)
 .bss.__lock___tz_mutex
                0x0000000000000000        0x1 /usr/bin/../lib/gcc/arm-none-eabi/12.2.1/../../../../arm-none-eabi/lib/libc.a(libc_a-lock.o)
 .bss.__lock___env_recursive_mutex
                0x0000000000000000        0x1 /usr/bin/../lib/gcc/arm-none-eabi/12.2.1/../../../../arm-none-eabi/lib/libc.a(libc_a-lock.o)
 .bss.__lock___malloc_recursive_mutex
                0x0000000000000000        0x1 /usr/bin/../lib/gcc/arm-none-eabi/12.2.1/../../../../arm-none-eabi/lib/libc.a(libc_a-lock.o)
 .bss.__lock___at_quick_exit_mutex
                0x0000000000000000        0x1 /usr/bin/../lib/gcc/arm-none-eabi/12.2.1/../../../../arm-none-eabi/lib/libc.a(libc_a-lock.o)
 .bss.__lock___sfp_recursive_mutex
                0x0000000000000000        0x1 /usr/bin/../lib/gcc/arm-none-eabi/12.2.1/../../../../arm-none-eabi/lib/libc.a(libc_a-lock.o)
 .text          0x0000000000000000        0x0 /usr/bin/../lib/gcc/arm-none-eabi/12.2.1/../../../../arm-none-eabi/lib/libc.a(libc_a-atexit.o)
 .data          0x0000000000000000        0x0 /usr/bin/../lib/gcc/arm-none-eabi/12.2.1/../../../../arm-none-eabi/lib/libc.a(libc_a-atexit.o)
 .bss           0x0000000000000000        0x0 /usr/bin/../lib/gcc/arm-none-eabi/12.2.1/../../../../arm-none-eabi/lib/libc.a(libc_a-atexit.o)
 .text          0x0000000000000000        0x0 /usr/bin/../lib/gcc/arm-none-eabi/12.2.1/../../../../arm-none-eabi/lib/libc.a(libc_a-findfp.o)
 .data          0x0000000000000000        0x0 /usr/bin/../lib/gcc/arm-none-eabi/12.2.1/../../../../arm-none-eabi/lib/libc.a(libc_a-findfp.o)
 .bss           0x0000000000000000        0x0 /usr/bin/../lib/gcc/arm-none-eabi/12.2.1/../../../../arm-none-eabi/lib/libc.a(libc_a-findfp.o)
 .text.stdio_exit_handler
                0x0000000000000000       0x28 /usr/bin/../lib/gcc/arm-none-eabi/12.2.1/../../../../arm-none-eabi/lib/libc.a(libc_a-findfp.o)
 .text.cleanup_stdio
                0x0000000000000000       0x54 /usr/bin/../lib/gcc/arm-none-eabi/12.2.1/../../../../arm-none-eabi/lib/libc.a(libc_a-findfp.o)
 .text.__fp_lock
                0x0000000000000000       0x38 /usr/bin/../lib/gcc/arm-none-eabi/12.2.1/../../../../arm-none-eabi/lib/libc.a(libc_a-findfp.o)
 .text.__fp_unlock
                0x0000000000000000       0x38 /usr/bin/../lib/gcc/arm-none-eabi/12.2.1/../../../../arm-none-eabi/lib/libc.a(libc_a-findfp.o)
 .text.global_stdio_init.part.0
                0x0000000000000000      0x14c /usr/bin/../lib/gcc/arm-none-eabi/12.2.1/../../../../arm-none-eabi/lib/libc.a(libc_a-findfp.o)
 .text.__sfp    0x0000000000000000      0x134 /usr/bin/../lib/gcc/arm-none-eabi/12.2.1/../../../../arm-none-eabi/lib/libc.a(libc_a-findfp.o)
 .text.__sinit  0x0000000000000000       0x64 /usr/bin/../lib/gcc/arm-none-eabi/12.2.1/../../../../arm-none-eabi/lib/libc.a(libc_a-findfp.o)
 .text.__sfp_lock_acquire
                0x0000000000000000       0x18 /usr/bin/../lib/gcc/arm-none-eabi/12.2.1/../../../../arm-none-eabi/lib/libc.a(libc_a-findfp.o)
 .text.__sfp_lock_release
                0x0000000000000000       0x18 /usr/bin/../lib/gcc/arm-none-eabi/12.2.1/../../../../arm-none-eabi/lib/libc.a(libc_a-findfp.o)
 .text.__fp_lock_all
                0x0000000000000000       0x30 /usr/bin/../lib/gcc/arm-none-eabi/12.2.1/../../../../arm-none-eabi/lib/libc.a(libc_a-findfp.o)
 .text.__fp_unlock_all
                0x0000000000000000       0x30 /usr/bin/../lib/gcc/arm-none-eabi/12.2.1/../../../../arm-none-eabi/lib/libc.a(libc_a-findfp.o)
 .data.__sglue  0x0000000000000000        0xc /usr/bin/../lib/gcc/arm-none-eabi/12.2.1/../../../../arm-none-eabi/lib/libc.a(libc_a-findfp.o)
 .bss.__sf      0x0000000000000000      0x138 /usr/bin/../lib/gcc/arm-none-eabi/12.2.1/../../../../arm-none-eabi/lib/libc.a(libc_a-findfp.o)
 .text          0x0000000000000000        0x0 /usr/bin/../lib/gcc/arm-none-eabi/12.2.1/../../../../arm-none-eabi/lib/libc.a(libc_a-stdio.o)
 .data          0x0000000000000000        0x0 /usr/bin/../lib/gcc/arm-none-eabi/12.2.1/../../../../arm-none-eabi/lib/libc.a(libc_a-stdio.o)
 .bss           0x0000000000000000        0x0 /usr/bin/../lib/gcc/arm-none-eabi/12.2.1/../../../../arm-none-eabi/lib/libc.a(libc_a-stdio.o)
 .text.__sread  0x0000000000000000       0x34 /usr/bin/../lib/gcc/arm-none-eabi/12.2.1/../../../../arm-none-eabi/lib/libc.a(libc_a-stdio.o)
 .text.__seofread
                0x0000000000000000        0x8 /usr/bin/../lib/gcc/arm-none-eabi/12.2.1/../../../../arm-none-eabi/lib/libc.a(libc_a-stdio.o)
 .text.__swrite
                0x0000000000000000       0x5c /usr/bin/../lib/gcc/arm-none-eabi/12.2.1/../../../../arm-none-eabi/lib/libc.a(libc_a-stdio.o)
 .text.__sseek  0x0000000000000000       0x30 /usr/bin/../lib/gcc/arm-none-eabi/12.2.1/../../../../arm-none-eabi/lib/libc.a(libc_a-stdio.o)
 .text.__sclose
                0x0000000000000000       0x14 /usr/bin/../lib/gcc/arm-none-eabi/12.2.1/../../../../arm-none-eabi/lib/libc.a(libc_a-stdio.o)
 .debug_frame   0x0000000000000000       0xa0 /usr/bin/../lib/gcc/arm-none-eabi/12.2.1/../../../../arm-none-eabi/lib/libc.a(libc_a-stdio.o)
 .text          0x0000000000000000        0x0 /usr/bin/../lib/gcc/arm-none-eabi/12.2.1/../../../../arm-none-eabi/lib/libc.a(libc_a-fwalk.o)
 .data          0x0000000000000000        0x0 /usr/bin/../lib/gcc/arm-none-eabi/12.2.1/../../../../arm-none-eabi/lib/libc.a(libc_a-fwalk.o)
 .bss           0x0000000000000000        0x0 /usr/bin/../lib/gcc/arm-none-eabi/12.2.1/../../../../arm-none-eabi/lib/libc.a(libc_a-fwalk.o)
 .text._fwalk_sglue
                0x0000000000000000       0x78 /usr/bin/../lib/gcc/arm-none-eabi/12.2.1/../../../../arm-none-eabi/lib/libc.a(libc_a-fwalk.o)
 .debug_frame   0x0000000000000000       0x40 /usr/bin/../lib/gcc/arm-none-eabi/12.2.1/../../../../arm-none-eabi/lib/libc.a(libc_a-fwalk.o)
 .text          0x0000000000000000        0x0 /usr/bin/../lib/gcc/arm-none-eabi/12.2.1/../../../../arm-none-eabi/lib/libc.a(libc_a-writer.o)
 .data          0x0000000000000000        0x0 /usr/bin/../lib/gcc/arm-none-eabi/12.2.1/../../../../arm-none-eabi/lib/libc.a(libc_a-writer.o)
 .bss           0x0000000000000000        0x0 /usr/bin/../lib/gcc/arm-none-eabi/12.2.1/../../../../arm-none-eabi/lib/libc.a(libc_a-writer.o)
 .text._write_r
                0x0000000000000000       0x48 /usr/bin/../lib/gcc/arm-none-eabi/12.2.1/../../../../arm-none-eabi/lib/libc.a(libc_a-writer.o)
 .debug_frame   0x0000000000000000       0x34 /usr/bin/../lib/gcc/arm-none-eabi/12.2.1/../../../../arm-none-eabi/lib/libc.a(libc_a-writer.o)
 .text          0x0000000000000000        0x0 /usr/bin/../lib/gcc/arm-none-eabi/12.2.1/../../../../arm-none-eabi/lib/libc.a(libc_a-__atexit.o)
 .data          0x0000000000000000        0x0 /usr/bin/../lib/gcc/arm-none-eabi/12.2.1/../../../../arm-none-eabi/lib/libc.a(libc_a-__atexit.o)
 .bss           0x0000000000000000        0x0 /usr/bin/../lib/gcc/arm-none-eabi/12.2.1/../../../../arm-none-eabi/lib/libc.a(libc_a-__atexit.o)
 .text          0x0000000000000000        0x0 /usr/bin/../lib/gcc/arm-none-eabi/12.2.1/../../../../arm-none-eabi/lib/libc.a(libc_a-mallocr.o)
 .data          0x0000000000000000        0x0 /usr/bin/../lib/gcc/arm-none-eabi/12.2.1/../../../../arm-none-eabi/lib/libc.a(libc_a-mallocr.o)
 .bss           0x0000000000000000        0x0 /usr/bin/../lib/gcc/arm-none-eabi/12.2.1/../../../../arm-none-eabi/lib/libc.a(libc_a-mallocr.o)
 .text._malloc_r
                0x0000000000000000      0x7e4 /usr/bin/../lib/gcc/arm-none-eabi/12.2.1/../../../../arm-none-eabi/lib/libc.a(libc_a-mallocr.o)
 .bss.__malloc_current_mallinfo
                0x0000000000000000       0x28 /usr/bin/../lib/gcc/arm-none-eabi/12.2.1/../../../../arm-none-eabi/lib/libc.a(libc_a-mallocr.o)
 .bss.__malloc_max_total_mem
                0x0000000000000000        0x4 /usr/bin/../lib/gcc/arm-none-eabi/12.2.1/../../../../arm-none-eabi/lib/libc.a(libc_a-mallocr.o)
 .bss.__malloc_max_sbrked_mem
                0x0000000000000000        0x4 /usr/bin/../lib/gcc/arm-none-eabi/12.2.1/../../../../arm-none-eabi/lib/libc.a(libc_a-mallocr.o)
 .data.__malloc_sbrk_base
                0x0000000000000000        0x4 /usr/bin/../lib/gcc/arm-none-eabi/12.2.1/../../../../arm-none-eabi/lib/libc.a(libc_a-mallocr.o)
 .bss.__malloc_top_pad
                0x0000000000000000        0x4 /usr/bin/../lib/gcc/arm-none-eabi/12.2.1/../../../../arm-none-eabi/lib/libc.a(libc_a-mallocr.o)
 .data.__malloc_trim_threshold
                0x0000000000000000        0x4 /usr/bin/../lib/gcc/arm-none-eabi/12.2.1/../../../../arm-none-eabi/lib/libc.a(libc_a-mallocr.o)
 .data.__malloc_av_
                0x0000000000000000      0x408 /usr/bin/../lib/gcc/arm-none-eabi/12.2.1/../../../../arm-none-eabi/lib/libc.a(libc_a-mallocr.o)
 .debug_frame   0x0000000000000000       0x60 /usr/bin/../lib/gcc/arm-none-eabi/12.2.1/../../../../arm-none-eabi/lib/libc.a(libc_a-mallocr.o)
 .text          0x0000000000000000        0x0 /usr/bin/../lib/gcc/arm-none-eabi/12.2.1/../../../../arm-none-eabi/lib/libc.a(libc_a-fclose.o)
 .data          0x0000000000000000        0x0 /usr/bin/../lib/gcc/arm-none-eabi/12.2.1/../../../../arm-none-eabi/lib/libc.a(libc_a-fclose.o)
 .bss           0x0000000000000000        0x0 /usr/bin/../lib/gcc/arm-none-eabi/12.2.1/../../../../arm-none-eabi/lib/libc.a(libc_a-fclose.o)
 .text._fclose_r
                0x0000000000000000      0x158 /usr/bin/../lib/gcc/arm-none-eabi/12.2.1/../../../../arm-none-eabi/lib/libc.a(libc_a-fclose.o)
 .text.fclose   0x0000000000000000       0x14 /usr/bin/../lib/gcc/arm-none-eabi/12.2.1/../../../../arm-none-eabi/lib/libc.a(libc_a-fclose.o)
 .debug_frame   0x0000000000000000       0x50 /usr/bin/../lib/gcc/arm-none-eabi/12.2.1/../../../../arm-none-eabi/lib/libc.a(libc_a-fclose.o)
 .text          0x0000000000000000        0x0 /usr/bin/../lib/gcc/arm-none-eabi/12.2.1/../../../../arm-none-eabi/lib/libc.a(libc_a-sysconf.o)
 .data          0x0000000000000000        0x0 /usr/bin/../lib/gcc/arm-none-eabi/12.2.1/../../../../arm-none-eabi/lib/libc.a(libc_a-sysconf.o)
 .bss           0x0000000000000000        0x0 /usr/bin/../lib/gcc/arm-none-eabi/12.2.1/../../../../arm-none-eabi/lib/libc.a(libc_a-sysconf.o)
 .text.sysconf  0x0000000000000000       0x30 /usr/bin/../lib/gcc/arm-none-eabi/12.2.1/../../../../arm-none-eabi/lib/libc.a(libc_a-sysconf.o)
 .debug_frame   0x0000000000000000       0x2c /usr/bin/../lib/gcc/arm-none-eabi/12.2.1/../../../../arm-none-eabi/lib/libc.a(libc_a-sysconf.o)
 .text          0x0000000000000000        0x0 /usr/bin/../lib/gcc/arm-none-eabi/12.2.1/../../../../arm-none-eabi/lib/libc.a(libc_a-mlock.o)
 .data          0x0000000000000000        0x0 /usr/bin/../lib/gcc/arm-none-eabi/12.2.1/../../../../arm-none-eabi/lib/libc.a(libc_a-mlock.o)
 .bss           0x0000000000000000        0x0 /usr/bin/../lib/gcc/arm-none-eabi/12.2.1/../../../../arm-none-eabi/lib/libc.a(libc_a-mlock.o)
 .text.__malloc_lock
                0x0000000000000000       0x18 /usr/bin/../lib/gcc/arm-none-eabi/12.2.1/../../../../arm-none-eabi/lib/libc.a(libc_a-mlock.o)
 .text.__malloc_unlock
                0x0000000000000000       0x18 /usr/bin/../lib/gcc/arm-none-eabi/12.2.1/../../../../arm-none-eabi/lib/libc.a(libc_a-mlock.o)
 .debug_frame   0x0000000000000000       0x48 /usr/bin/../lib/gcc/arm-none-eabi/12.2.1/../../../../arm-none-eabi/lib/libc.a(libc_a-mlock.o)
 .text          0x0000000000000000        0x0 /usr/bin/../lib/gcc/arm-none-eabi/12.2.1/../../../../arm-none-eabi/lib/libc.a(libc_a-closer.o)
 .data          0x0000000000000000        0x0 /usr/bin/../lib/gcc/arm-none-eabi/12.2.1/../../../../arm-none-eabi/lib/libc.a(libc_a-closer.o)
 .bss           0x0000000000000000        0x0 /usr/bin/../lib/gcc/arm-none-eabi/12.2.1/../../../../arm-none-eabi/lib/libc.a(libc_a-closer.o)
 .text._close_r
                0x0000000000000000       0x3c /usr/bin/../lib/gcc/arm-none-eabi/12.2.1/../../../../arm-none-eabi/lib/libc.a(libc_a-closer.o)
 .debug_frame   0x0000000000000000       0x34 /usr/bin/../lib/gcc/arm-none-eabi/12.2.1/../../../../arm-none-eabi/lib/libc.a(libc_a-closer.o)
 .text          0x0000000000000000        0x0 /usr/bin/../lib/gcc/arm-none-eabi/12.2.1/../../../../arm-none-eabi/lib/libc.a(libc_a-reent.o)
 .data          0x0000000000000000        0x0 /usr/bin/../lib/gcc/arm-none-eabi/12.2.1/../../../../arm-none-eabi/lib/libc.a(libc_a-reent.o)
 .bss           0x0000000000000000        0x0 /usr/bin/../lib/gcc/arm-none-eabi/12.2.1/../../../../arm-none-eabi/lib/libc.a(libc_a-reent.o)
 .text._reclaim_reent
                0x0000000000000000       0xa4 /usr/bin/../lib/gcc/arm-none-eabi/12.2.1/../../../../arm-none-eabi/lib/libc.a(libc_a-reent.o)
 .bss.errno     0x0000000000000000        0x4 /usr/bin/../lib/gcc/arm-none-eabi/12.2.1/../../../../arm-none-eabi/lib/libc.a(libc_a-reent.o)
 .debug_frame   0x0000000000000000       0x3c /usr/bin/../lib/gcc/arm-none-eabi/12.2.1/../../../../arm-none-eabi/lib/libc.a(libc_a-reent.o)
 .text          0x0000000000000000        0x0 /usr/bin/../lib/gcc/arm-none-eabi/12.2.1/../../../../arm-none-eabi/lib/libc.a(libc_a-fflush.o)
 .data          0x0000000000000000        0x0 /usr/bin/../lib/gcc/arm-none-eabi/12.2.1/../../../../arm-none-eabi/lib/libc.a(libc_a-fflush.o)
 .bss           0x0000000000000000        0x0 /usr/bin/../lib/gcc/arm-none-eabi/12.2.1/../../../../arm-none-eabi/lib/libc.a(libc_a-fflush.o)
 .text.__sflush_r
                0x0000000000000000      0x218 /usr/bin/../lib/gcc/arm-none-eabi/12.2.1/../../../../arm-none-eabi/lib/libc.a(libc_a-fflush.o)
 .text._fflush_r
                0x0000000000000000       0x9c /usr/bin/../lib/gcc/arm-none-eabi/12.2.1/../../../../arm-none-eabi/lib/libc.a(libc_a-fflush.o)
 .text.fflush   0x0000000000000000       0xd4 /usr/bin/../lib/gcc/arm-none-eabi/12.2.1/../../../../arm-none-eabi/lib/libc.a(libc_a-fflush.o)
 .debug_frame   0x0000000000000000       0xa4 /usr/bin/../lib/gcc/arm-none-eabi/12.2.1/../../../../arm-none-eabi/lib/libc.a(libc_a-fflush.o)
 .text          0x0000000000000000        0x0 /usr/bin/../lib/gcc/arm-none-eabi/12.2.1/../../../../arm-none-eabi/lib/libc.a(libc_a-impure.o)
 .data          0x0000000000000000        0x0 /usr/bin/../lib/gcc/arm-none-eabi/12.2.1/../../../../arm-none-eabi/lib/libc.a(libc_a-impure.o)
 .bss           0x0000000000000000        0x0 /usr/bin/../lib/gcc/arm-none-eabi/12.2.1/../../../../arm-none-eabi/lib/libc.a(libc_a-impure.o)
 .data._impure_ptr
                0x0000000000000000        0x4 /usr/bin/../lib/gcc/arm-none-eabi/12.2.1/../../../../arm-none-eabi/lib/libc.a(libc_a-impure.o)
 .data._impure_data
                0x0000000000000000      0x120 /usr/bin/../lib/gcc/arm-none-eabi/12.2.1/../../../../arm-none-eabi/lib/libc.a(libc_a-impure.o)
 .text          0x0000000000000000        0x0 /usr/bin/../lib/gcc/arm-none-eabi/12.2.1/../../../../arm-none-eabi/lib/libc.a(libc_a-freer.o)
 .data          0x0000000000000000        0x0 /usr/bin/../lib/gcc/arm-none-eabi/12.2.1/../../../../arm-none-eabi/lib/libc.a(libc_a-freer.o)
 .bss           0x0000000000000000        0x0 /usr/bin/../lib/gcc/arm-none-eabi/12.2.1/../../../../arm-none-eabi/lib/libc.a(libc_a-freer.o)
 .text._malloc_trim_r
                0x0000000000000000      0x114 /usr/bin/../lib/gcc/arm-none-eabi/12.2.1/../../../../arm-none-eabi/lib/libc.a(libc_a-freer.o)
 .text._free_r  0x0000000000000000      0x2f0 /usr/bin/../lib/gcc/arm-none-eabi/12.2.1/../../../../arm-none-eabi/lib/libc.a(libc_a-freer.o)
 .debug_frame   0x0000000000000000       0x70 /usr/bin/../lib/gcc/arm-none-eabi/12.2.1/../../../../arm-none-eabi/lib/libc.a(libc_a-freer.o)
 .text          0x0000000000000000        0x0 /usr/bin/../lib/gcc/arm-none-eabi/12.2.1/../../../../arm-none-eabi/lib/libc.a(libc_a-lseekr.o)
 .data          0x0000000000000000        0x0 /usr/bin/../lib/gcc/arm-none-eabi/12.2.1/../../../../arm-none-eabi/lib/libc.a(libc_a-lseekr.o)
 .bss           0x0000000000000000        0x0 /usr/bin/../lib/gcc/arm-none-eabi/12.2.1/../../../../arm-none-eabi/lib/libc.a(libc_a-lseekr.o)
 .text._lseek_r
                0x0000000000000000       0x48 /usr/bin/../lib/gcc/arm-none-eabi/12.2.1/../../../../arm-none-eabi/lib/libc.a(libc_a-lseekr.o)
 .debug_frame   0x0000000000000000       0x34 /usr/bin/../lib/gcc/arm-none-eabi/12.2.1/../../../../arm-none-eabi/lib/libc.a(libc_a-lseekr.o)
 .text          0x0000000000000000        0x0 /usr/bin/../lib/gcc/arm-none-eabi/12.2.1/../../../../arm-none-eabi/lib/libc.a(libc_a-readr.o)
 .data          0x0000000000000000        0x0 /usr/bin/../lib/gcc/arm-none-eabi/12.2.1/../../../../arm-none-eabi/lib/libc.a(libc_a-readr.o)
 .bss           0x0000000000000000        0x0 /usr/bin/../lib/gcc/arm-none-eabi/12.2.1/../../../../arm-none-eabi/lib/libc.a(libc_a-readr.o)
 .text._read_r  0x0000000000000000       0x48 /usr/bin/../lib/gcc/arm-none-eabi/12.2.1/../../../../arm-none-eabi/lib/libc.a(libc_a-readr.o)
 .debug_frame   0x0000000000000000       0x34 /usr/bin/../lib/gcc/arm-none-eabi/12.2.1/../../../../arm-none-eabi/lib/libc.a(libc_a-readr.o)
 .text          0x0000000000000000        0x0 /usr/bin/../lib/gcc/arm-none-eabi/12.2.1/../../../../arm-none-eabi/lib/libc.a(libc_a-sbrkr.o)
 .data          0x0000000000000000        0x0 /usr/bin/../lib/gcc/arm-none-eabi/12.2.1/../../../../arm-none-eabi/lib/libc.a(libc_a-sbrkr.o)
 .bss           0x0000000000000000        0x0 /usr/bin/../lib/gcc/arm-none-eabi/12.2.1/../../../../arm-none-eabi/lib/libc.a(libc_a-sbrkr.o)
 .text._sbrk_r  0x0000000000000000       0x44 /usr/bin/../lib/gcc/arm-none-eabi/12.2.1/../../../../arm-none-eabi/lib/libc.a(libc_a-sbrkr.o)
 .debug_frame   0x0000000000000000       0x3c /usr/bin/../lib/gcc/arm-none-eabi/12.2.1/../../../../arm-none-eabi/lib/libc.a(libc_a-sbrkr.o)
 .text          0x0000000000000000        0x0 /usr/bin/../lib/gcc/arm-none-eabi/12.2.1/../../../../arm-none-eabi/lib/libc.a(libc_a-errno.o)
 .data          0x0000000000000000        0x0 /usr/bin/../lib/gcc/arm-none-eabi/12.2.1/../../../../arm-none-eabi/lib/libc.a(libc_a-errno.o)
 .bss           0x0000000000000000        0x0 /usr/bin/../lib/gcc/arm-none-eabi/12.2.1/../../../../arm-none-eabi/lib/libc.a(libc_a-errno.o)
 .text.__errno  0x0000000000000000       0x10 /usr/bin/../lib/gcc/arm-none-eabi/12.2.1/../../../../arm-none-eabi/lib/libc.a(libc_a-errno.o)
 .debug_frame   0x0000000000000000       0x20 /usr/bin/../lib/gcc/arm-none-eabi/12.2.1/../../../../arm-none-eabi/lib/libc.a(libc_a-errno.o)
 .text          0x0000000000000000      0x114 /usr/bin/../lib/gcc/arm-none-eabi/12.2.1/libgcc.a(_udivsi3.o)
 .data          0x0000000000000000        0x0 /usr/bin/../lib/gcc/arm-none-eabi/12.2.1/libgcc.a(_udivsi3.o)
 .bss           0x0000000000000000        0x0 /usr/bin/../lib/gcc/arm-none-eabi/12.2.1/libgcc.a(_udivsi3.o)
 .debug_frame   0x0000000000000000       0x20 /usr/bin/../lib/gcc/arm-none-eabi/12.2.1/libgcc.a(_udivsi3.o)
 .debug_line_str
                0x0000000000000000       0xb2 /usr/bin/../lib/gcc/arm-none-eabi/12.2.1/libgcc.a(_udivsi3.o)
 .text          0x0000000000000000        0x4 /usr/bin/../lib/gcc/arm-none-eabi/12.2.1/libgcc.a(_dvmd_tls.o)
 .data          0x0000000000000000        0x0 /usr/bin/../lib/gcc/arm-none-eabi/12.2.1/libgcc.a(_dvmd_tls.o)
 .bss           0x0000000000000000        0x0 /usr/bin/../lib/gcc/arm-none-eabi/12.2.1/libgcc.a(_dvmd_tls.o)
 .debug_line_str
                0x0000000000000000       0xb2 /usr/bin/../lib/gcc/arm-none-eabi/12.2.1/libgcc.a(_dvmd_tls.o)
 .text          0x0000000000000000        0x0 /usr/bin/../lib/gcc/arm-none-eabi/12.2.1/../../../../arm-none-eabi/lib/libnosys.a(close.o)
 .data          0x0000000000000000        0x0 /usr/bin/../lib/gcc/arm-none-eabi/12.2.1/../../../../arm-none-eabi/lib/libnosys.a(close.o)
 .bss           0x0000000000000000        0x0 /usr/bin/../lib/gcc/arm-none-eabi/12.2.1/../../../../arm-none-eabi/lib/libnosys.a(close.o)
 .text._close   0x0000000000000000       0x18 /usr/bin/../lib/gcc/arm-none-eabi/12.2.1/../../../../arm-none-eabi/lib/libnosys.a(close.o)
 .gnu.warning._close
                0x0000000000000000        0x0 /usr/bin/../lib/gcc/arm-none-eabi/12.2.1/../../../../arm-none-eabi/lib/libnosys.a(close.o)
 .debug_frame   0x0000000000000000       0x20 /usr/bin/../lib/gcc/arm-none-eabi/12.2.1/../../../../arm-none-eabi/lib/libnosys.a(close.o)
 .text          0x0000000000000000        0x0 /usr/bin/../lib/gcc/arm-none-eabi/12.2.1/../../../../arm-none-eabi/lib/libnosys.a(lseek.o)
 .data          0x0000000000000000        0x0 /usr/bin/../lib/gcc/arm-none-eabi/12.2.1/../../../../arm-none-eabi/lib/libnosys.a(lseek.o)
 .bss           0x0000000000000000        0x0 /usr/bin/../lib/gcc/arm-none-eabi/12.2.1/../../../../arm-none-eabi/lib/libnosys.a(lseek.o)
 .text._lseek   0x0000000000000000       0x18 /usr/bin/../lib/gcc/arm-none-eabi/12.2.1/../../../../arm-none-eabi/lib/libnosys.a(lseek.o)
 .gnu.warning._lseek
                0x0000000000000000        0x0 /usr/bin/../lib/gcc/arm-none-eabi/12.2.1/../../../../arm-none-eabi/lib/libnosys.a(lseek.o)
 .debug_frame   0x0000000000000000       0x20 /usr/bin/../lib/gcc/arm-none-eabi/12.2.1/../../../../arm-none-eabi/lib/libnosys.a(lseek.o)
 .text          0x0000000000000000        0x0 /usr/bin/../lib/gcc/arm-none-eabi/12.2.1/../../../../arm-none-eabi/lib/libnosys.a(read.o)
 .data          0x0000000000000000        0x0 /usr/bin/../lib/gcc/arm-none-eabi/12.2.1/../../../../arm-none-eabi/lib/libnosys.a(read.o)
 .bss           0x0000000000000000        0x0 /usr/bin/../lib/gcc/arm-none-eabi/12.2.1/../../../../arm-none-eabi/lib/libnosys.a(read.o)
 .text._read    0x0000000000000000       0x18 /usr/bin/../lib/gcc/arm-none-eabi/12.2.1/../../../../arm-none-eabi/lib/libnosys.a(read.o)
 .gnu.warning._read
                0x0000000000000000        0x0 /usr/bin/../lib/gcc/arm-none-eabi/12.2.1/../../../../arm-none-eabi/lib/libnosys.a(read.o)
 .debug_frame   0x0000000000000000       0x20 /usr/bin/../lib/gcc/arm-none-eabi/12.2.1/../../../../arm-none-eabi/lib/libnosys.a(read.o)
 .text          0x0000000000000000        0x0 /usr/bin/../lib/gcc/arm-none-eabi/12.2.1/../../../../arm-none-eabi/lib/libnosys.a(sbrk.o)
 .data          0x0000000000000000        0x0 /usr/bin/../lib/gcc/arm-none-eabi/12.2.1/../../../../arm-none-eabi/lib/libnosys.a(sbrk.o)
 .bss           0x0000000000000000        0x0 /usr/bin/../lib/gcc/arm-none-eabi/12.2.1/../../../../arm-none-eabi/lib/libnosys.a(sbrk.o)
 .text._sbrk    0x0000000000000000       0x2c /usr/bin/../lib/gcc/arm-none-eabi/12.2.1/../../../../arm-none-eabi/lib/libnosys.a(sbrk.o)
 .bss.heap_end.0
                0x0000000000000000        0x4 /usr/bin/../lib/gcc/arm-none-eabi/12.2.1/../../../../arm-none-eabi/lib/libnosys.a(sbrk.o)
 .debug_frame   0x0000000000000000       0x20 /usr/bin/../lib/gcc/arm-none-eabi/12.2.1/../../../../arm-none-eabi/lib/libnosys.a(sbrk.o)
 .text          0x0000000000000000        0x0 /usr/bin/../lib/gcc/arm-none-eabi/12.2.1/../../../../arm-none-eabi/lib/libnosys.a(write.o)
 .data          0x0000000000000000        0x0 /usr/bin/../lib/gcc/arm-none-eabi/12.2.1/../../../../arm-none-eabi/lib/libnosys.a(write.o)
 .bss           0x0000000000000000        0x0 /usr/bin/../lib/gcc/arm-none-eabi/12.2.1/../../../../arm-none-eabi/lib/libnosys.a(write.o)
 .text._write   0x0000000000000000       0x18 /usr/bin/../lib/gcc/arm-none-eabi/12.2.1/../../../../arm-none-eabi/lib/libnosys.a(write.o)
 .gnu.warning._write
                0x0000000000000000        0x0 /usr/bin/../lib/gcc/arm-none-eabi/12.2.1/../../../../arm-none-eabi/lib/libnosys.a(write.o)
 .debug_frame   0x0000000000000000       0x20 /usr/bin/../lib/gcc/arm-none-eabi/12.2.1/../../../../arm-none-eabi/lib/libnosys.a(write.o)
 .text          0x0000000000000000        0x0 /usr/bin/../lib/gcc/arm-none-eabi/12.2.1/../../../../arm-none-eabi/lib/libnosys.a(_exit.o)
 .data          0x0000000000000000        0x0 /usr/bin/../lib/gcc/arm-none-eabi/12.2.1/../../../../arm-none-eabi/lib/libnosys.a(_exit.o)
 .bss           0x0000000000000000        0x0 /usr/bin/../lib/gcc/arm-none-eabi/12.2.1/../../../../arm-none-eabi/lib/libnosys.a(_exit.o)
 .text          0x0000000000000000        0x0 /usr/bin/../lib/gcc/arm-none-eabi/12.2.1/crtend.o
 .data          0x0000000000000000        0x0 /usr/bin/../lib/gcc/arm-none-eabi/12.2.1/crtend.o
 .bss           0x0000000000000000        0x0 /usr/bin/../lib/gcc/arm-none-eabi/12.2.1/crtend.o
 .rodata.all_implied_fbits
                0x0000000000000000       0x24 /usr/bin/../lib/gcc/arm-none-eabi/12.2.1/crtend.o
 .text          0x0000000000000000        0x0 /usr/bin/../lib/gcc/arm-none-eabi/12.2.1/crtn.o
 .data          0x0000000000000000        0x0 /usr/bin/../lib/gcc/arm-none-eabi/12.2.1/crtn.o
 .bss           0x0000000000000000        0x0 /usr/bin/../lib/gcc/arm-none-eabi/12.2.1/crtn.o

Memory Configuration

Name             Origin             Length             Attributes
*default*        0x0000000000000000 0xffffffffffffffff

Linker script and memory map

LOAD /usr/bin/../lib/gcc/arm-none-eabi/12.2.1/crti.o
LOAD /usr/bin/../lib/gcc/arm-none-eabi/12.2.1/crtbegin.o
LOAD /usr/bin/../lib/gcc/arm-none-eabi/12.2.1/../../../../arm-none-eabi/lib/crt0.o
LOAD main.o
START GROUP
LOAD /usr/bin/../lib/gcc/arm-none-eabi/12.2.1/libgcc.a
LOAD /usr/bin/../lib/gcc/arm-none-eabi/12.2.1/../../../../arm-none-eabi/lib/libc.a
END GROUP
START GROUP
LOAD /usr/bin/../lib/gcc/arm-none-eabi/12.2.1/libgcc.a
LOAD /usr/bin/../lib/gcc/arm-none-eabi/12.2.1/../../../../arm-none-eabi/lib/libc.a
LOAD /usr/bin/../lib/gcc/arm-none-eabi/12.2.1/../../../../arm-none-eabi/lib/libnosys.a
END GROUP
LOAD /usr/bin/../lib/gcc/arm-none-eabi/12.2.1/crtend.o
LOAD /usr/bin/../lib/gcc/arm-none-eabi/12.2.1/crtn.o
                [!provide]                        PROVIDE (__executable_start = SEGMENT_START ("text-segment", 0x8000))
                0x0000000000008000                . = SEGMENT_START ("text-segment", 0x8000)

.interp
 *(.interp)

.note.gnu.build-id
 *(.note.gnu.build-id)

.hash
 *(.hash)

.gnu.hash
 *(.gnu.hash)

.dynsym
 *(.dynsym)

.dynstr
 *(.dynstr)

.gnu.version
 *(.gnu.version)

.gnu.version_d
 *(.gnu.version_d)

.gnu.version_r
 *(.gnu.version_r)

.rel.dyn        0x0000000000008000        0x0
 *(.rel.init)
 *(.rel.text .rel.text.* .rel.gnu.linkonce.t.*)
 *(.rel.fini)
 *(.rel.rodata .rel.rodata.* .rel.gnu.linkonce.r.*)
 *(.rel.data.rel.ro .rel.data.rel.ro.* .rel.gnu.linkonce.d.rel.ro.*)
 *(.rel.data .rel.data.* .rel.gnu.linkonce.d.*)
 *(.rel.tdata .rel.tdata.* .rel.gnu.linkonce.td.*)
 *(.rel.tbss .rel.tbss.* .rel.gnu.linkonce.tb.*)
 *(.rel.ctors)
 *(.rel.dtors)
 *(.rel.got)
 *(.rel.bss .rel.bss.* .rel.gnu.linkonce.b.*)
                [!provide]                        PROVIDE (__rel_iplt_start = .)
 *(.rel.iplt)
 .rel.iplt      0x0000000000008000        0x0 /usr/bin/../lib/gcc/arm-none-eabi/12.2.1/crtbegin.o
                [!provide]                        PROVIDE (__rel_iplt_end = .)

.rela.dyn       0x0000000000008000        0x0
 *(.rela.init)
 *(.rela.text .rela.text.* .rela.gnu.linkonce.t.*)
 *(.rela.fini)
 *(.rela.rodata .rela.rodata.* .rela.gnu.linkonce.r.*)
 *(.rela.data .rela.data.* .rela.gnu.linkonce.d.*)
 *(.rela.tdata .rela.tdata.* .rela.gnu.linkonce.td.*)
 *(.rela.tbss .rela.tbss.* .rela.gnu.linkonce.tb.*)
 *(.rela.ctors)
 *(.rela.dtors)
 *(.rela.got)
 *(.rela.bss .rela.bss.* .rela.gnu.linkonce.b.*)
                [!provide]                        PROVIDE (__rela_iplt_start = .)
 *(.rela.iplt)
                [!provide]                        PROVIDE (__rela_iplt_end = .)

.rel.plt
 *(.rel.plt)

.rela.plt
 *(.rela.plt)

.init           0x0000000000008000       0x18
 *(SORT_NONE(.init))
 .init          0x0000000000008000        0xc /usr/bin/../lib/gcc/arm-none-eabi/12.2.1/crti.o
                0x0000000000008000                _init
 .init          0x000000000000800c        0xc /usr/bin/../lib/gcc/arm-none-eabi/12.2.1/crtn.o

.plt
 *(.plt)

.iplt           0x0000000000008018        0x0
 *(.iplt)
 .iplt          0x0000000000008018        0x0 /usr/bin/../lib/gcc/arm-none-eabi/12.2.1/crtbegin.o

.text           0x0000000000008018      0x694
 *(.text.unlikely .text.*_unlikely .text.unlikely.*)
 *(.text.exit .text.exit.*)
 .text.exit     0x0000000000008018       0x30 /usr/bin/../lib/gcc/arm-none-eabi/12.2.1/../../../../arm-none-eabi/lib/libc.a(libc_a-exit.o)
                0x0000000000008018                exit
 *(.text.startup .text.startup.*)
 .text.startup.register_fini
                0x0000000000008048       0x28 /usr/bin/../lib/gcc/arm-none-eabi/12.2.1/../../../../arm-none-eabi/lib/libc.a(libc_a-__call_atexit.o)
 *(.text.hot .text.hot.*)
 *(SORT_BY_NAME(.text.sorted.*))
 *(.text .stub .text.* .gnu.linkonce.t.*)
 .text.deregister_tm_clones
                0x0000000000008070       0x2c /usr/bin/../lib/gcc/arm-none-eabi/12.2.1/crtbegin.o
 .text.register_tm_clones
                0x000000000000809c       0x38 /usr/bin/../lib/gcc/arm-none-eabi/12.2.1/crtbegin.o
 .text.__do_global_dtors_aux
                0x00000000000080d4       0x44 /usr/bin/../lib/gcc/arm-none-eabi/12.2.1/crtbegin.o
 .text.frame_dummy
                0x0000000000008118       0x34 /usr/bin/../lib/gcc/arm-none-eabi/12.2.1/crtbegin.o
 .text          0x000000000000814c      0x138 /usr/bin/../lib/gcc/arm-none-eabi/12.2.1/../../../../arm-none-eabi/lib/crt0.o
                0x000000000000814c                _stack_init
                0x00000000000081d4                _mainCRTStartup
                0x00000000000081d4                _start
 .text          0x0000000000008284       0x3c main.o
                0x0000000000008284                main
 .text.__call_exitprocs
                0x00000000000082c0      0x134 /usr/bin/../lib/gcc/arm-none-eabi/12.2.1/../../../../arm-none-eabi/lib/libc.a(libc_a-__call_atexit.o)
                0x00000000000082c0                __call_exitprocs
 .text.memset   0x00000000000083f4       0xfc /usr/bin/../lib/gcc/arm-none-eabi/12.2.1/../../../../arm-none-eabi/lib/libc.a(libc_a-memset.o)
                0x00000000000083f4                memset
 .text.__libc_init_array
                0x00000000000084f0       0x90 /usr/bin/../lib/gcc/arm-none-eabi/12.2.1/../../../../arm-none-eabi/lib/libc.a(libc_a-init.o)
                0x00000000000084f0                __libc_init_array
 .text.__libc_fini_array
                0x0000000000008580       0x44 /usr/bin/../lib/gcc/arm-none-eabi/12.2.1/../../../../arm-none-eabi/lib/libc.a(libc_a-fini.o)
                0x0000000000008580                __libc_fini_array
 .text.__retarget_lock_acquire_recursive
                0x00000000000085c4        0x4 /usr/bin/../lib/gcc/arm-none-eabi/12.2.1/../../../../arm-none-eabi/lib/libc.a(libc_a-lock.o)
                0x00000000000085c4                __retarget_lock_acquire_recursive
 .text.__retarget_lock_release_recursive
                0x00000000000085c8        0x4 /usr/bin/../lib/gcc/arm-none-eabi/12.2.1/../../../../arm-none-eabi/lib/libc.a(libc_a-lock.o)
                0x00000000000085c8                __retarget_lock_release_recursive
 .text.atexit   0x00000000000085cc       0x20 /usr/bin/../lib/gcc/arm-none-eabi/12.2.1/../../../../arm-none-eabi/lib/libc.a(libc_a-atexit.o)
                0x00000000000085cc                atexit
 .text.__register_exitproc
                0x00000000000085ec       0xbc /usr/bin/../lib/gcc/arm-none-eabi/12.2.1/../../../../arm-none-eabi/lib/libc.a(libc_a-__atexit.o)
                0x00000000000085ec                __register_exitproc
 .text._exit    0x00000000000086a8        0x4 /usr/bin/../lib/gcc/arm-none-eabi/12.2.1/../../../../arm-none-eabi/lib/libnosys.a(_exit.o)
                0x00000000000086a8                _exit
 *(.gnu.warning)
 *(.glue_7t)
 .glue_7t       0x00000000000086ac        0x0 linker stubs
 *(.glue_7)
 .glue_7        0x00000000000086ac        0x0 linker stubs
 *(.vfp11_veneer)
 .vfp11_veneer  0x00000000000086ac        0x0 linker stubs
 *(.v4_bx)
 .v4_bx         0x00000000000086ac        0x0 linker stubs

.fini           0x00000000000086ac       0x18
 *(SORT_NONE(.fini))
 .fini          0x00000000000086ac        0xc /usr/bin/../lib/gcc/arm-none-eabi/12.2.1/crti.o
                0x00000000000086ac                _fini
 .fini          0x00000000000086b8        0xc /usr/bin/../lib/gcc/arm-none-eabi/12.2.1/crtn.o
                [!provide]                        PROVIDE (__etext = .)
                [!provide]                        PROVIDE (_etext = .)
                [!provide]                        PROVIDE (etext = .)

.rodata
 *(.rodata .rodata.* .gnu.linkonce.r.*)

.rodata1
 *(.rodata1)

.ARM.extab
 *(.ARM.extab* .gnu.linkonce.armextab.*)

.ARM.exidx      0x00000000000086c4        0x8
                [!provide]                        PROVIDE (__exidx_start = .)
 *(.ARM.exidx* .gnu.linkonce.armexidx.*)
 .ARM.exidx     0x00000000000086c4        0x8 /usr/bin/../lib/gcc/arm-none-eabi/12.2.1/../../../../arm-none-eabi/lib/crt0.o
                                         0x10 (size before relaxing)
                [!provide]                        PROVIDE (__exidx_end = .)

.eh_frame_hdr
 *(.eh_frame_hdr)
 *(.eh_frame_entry .eh_frame_entry.*)

.eh_frame       0x00000000000086cc        0x4
 *(.eh_frame)
 .eh_frame      0x00000000000086cc        0x0 /usr/bin/../lib/gcc/arm-none-eabi/12.2.1/crtbegin.o
 .eh_frame      0x00000000000086cc        0x4 /usr/bin/../lib/gcc/arm-none-eabi/12.2.1/crtend.o
 *(.eh_frame.*)

.gcc_except_table
 *(.gcc_except_table .gcc_except_table.*)

.gnu_extab
 *(.gnu_extab*)

.exception_ranges
 *(.exception_ranges*)
                0x00000000000186d0                . = (ALIGN (CONSTANT (MAXPAGESIZE)) + (. & (CONSTANT (MAXPAGESIZE) - 0x1)))

.eh_frame
 *(.eh_frame)
 *(.eh_frame.*)

.gnu_extab
 *(.gnu_extab)

.gcc_except_table
 *(.gcc_except_table .gcc_except_table.*)

.exception_ranges
 *(.exception_ranges*)

.tdata          0x00000000000186d0        0x0
                [!provide]                        PROVIDE (__tdata_start = .)
 *(.tdata .tdata.* .gnu.linkonce.td.*)

.tbss
 *(.tbss .tbss.* .gnu.linkonce.tb.*)
 *(.tcommon)

.preinit_array  0x00000000000186d0        0x0
                0x00000000000186d0                PROVIDE (__preinit_array_start = .)
 *(.preinit_array)
                0x00000000000186d0                PROVIDE (__preinit_array_end = .)

.init_array     0x00000000000186d0        0x8
                0x00000000000186d0                PROVIDE (__init_array_start = .)
 *(SORT_BY_INIT_PRIORITY(.init_array.*) SORT_BY_INIT_PRIORITY(.ctors.*))
 .init_array.00000
                0x00000000000186d0        0x4 /usr/bin/../lib/gcc/arm-none-eabi/12.2.1/../../../../arm-none-eabi/lib/libc.a(libc_a-__call_atexit.o)
 *(.init_array EXCLUDE_FILE(*crtend?.o *crtend.o *crtbegin?.o *crtbegin.o) .ctors)
 .init_array    0x00000000000186d4        0x4 /usr/bin/../lib/gcc/arm-none-eabi/12.2.1/crtbegin.o
                0x00000000000186d8                PROVIDE (__init_array_end = .)

.fini_array     0x00000000000186d8        0x4
                0x00000000000186d8                PROVIDE (__fini_array_start = .)
 *(SORT_BY_INIT_PRIORITY(.fini_array.*) SORT_BY_INIT_PRIORITY(.dtors.*))
 *(.fini_array EXCLUDE_FILE(*crtend?.o *crtend.o *crtbegin?.o *crtbegin.o) .dtors)
 .fini_array    0x00000000000186d8        0x4 /usr/bin/../lib/gcc/arm-none-eabi/12.2.1/crtbegin.o
                0x00000000000186dc                PROVIDE (__fini_array_end = .)

.ctors
 *crtbegin.o(.ctors)
 *crtbegin?.o(.ctors)
 *(EXCLUDE_FILE(*crtend?.o *crtend.o) .ctors)
 *(SORT_BY_NAME(.ctors.*))
 *(.ctors)

.dtors
 *crtbegin.o(.dtors)
 *crtbegin?.o(.dtors)
 *(EXCLUDE_FILE(*crtend?.o *crtend.o) .dtors)
 *(SORT_BY_NAME(.dtors.*))
 *(.dtors)

.jcr
 *(.jcr)

.data.rel.ro
 *(.data.rel.ro.local* .gnu.linkonce.d.rel.ro.local.*)
 *(.data.rel.ro .data.rel.ro.* .gnu.linkonce.d.rel.ro.*)

.dynamic
 *(.dynamic)

.got            0x00000000000186dc        0x0
 *(.got.plt)
 *(.igot.plt)
 .igot.plt      0x00000000000186dc        0x0 /usr/bin/../lib/gcc/arm-none-eabi/12.2.1/crtbegin.o
 *(.got)
 *(.igot)

.data           0x00000000000186dc        0x4
                0x00000000000186dc                __data_start = .
 *(.data .data.* .gnu.linkonce.d.*)
 .data.__atexit_recursive_mutex
                0x00000000000186dc        0x4 /usr/bin/../lib/gcc/arm-none-eabi/12.2.1/../../../../arm-none-eabi/lib/libc.a(libc_a-__call_atexit.o)
                0x00000000000186dc                __atexit_recursive_mutex

.tm_clone_table
                0x00000000000186e0        0x0
 .tm_clone_table
                0x00000000000186e0        0x0 /usr/bin/../lib/gcc/arm-none-eabi/12.2.1/crtbegin.o
 .tm_clone_table
                0x00000000000186e0        0x0 /usr/bin/../lib/gcc/arm-none-eabi/12.2.1/crtend.o

.data1
 *(.data1)
                0x00000000000186e0                _edata = .
                [!provide]                        PROVIDE (edata = .)

.persistent     0x00000000000186e0        0x0
                0x00000000000186e0                . = ALIGN (0x4)
                [!provide]                        PROVIDE (__persistent_start = .)
 *(.persistent .persistent.* .gnu.linkonce.p.*)
                0x00000000000186e0                . = ALIGN (0x4)
                [!provide]                        PROVIDE (__persistent_end = .)
                0x00000000000186e0                . = .
                0x00000000000186e0                __bss_start = .
                0x00000000000186e0                __bss_start__ = .

.bss            0x00000000000186e0      0x1b8
 *(.dynbss)
 *(.bss .bss.* .gnu.linkonce.b.*)
 .bss.completed.1
                0x00000000000186e0        0x1 /usr/bin/../lib/gcc/arm-none-eabi/12.2.1/crtbegin.o
 *fill*         0x00000000000186e1        0x3 
 .bss.object.0  0x00000000000186e4       0x18 /usr/bin/../lib/gcc/arm-none-eabi/12.2.1/crtbegin.o
 .bss.__atexit  0x00000000000186fc        0x4 /usr/bin/../lib/gcc/arm-none-eabi/12.2.1/../../../../arm-none-eabi/lib/libc.a(libc_a-__call_atexit.o)
                0x00000000000186fc                __atexit
 .bss.__lock___atexit_recursive_mutex
                0x0000000000018700        0x1 /usr/bin/../lib/gcc/arm-none-eabi/12.2.1/../../../../arm-none-eabi/lib/libc.a(libc_a-lock.o)
                0x0000000000018700                __lock___atexit_recursive_mutex
 *fill*         0x0000000000018701        0x3 
 .bss.__stdio_exit_handler
                0x0000000000018704        0x4 /usr/bin/../lib/gcc/arm-none-eabi/12.2.1/../../../../arm-none-eabi/lib/libc.a(libc_a-findfp.o)
                0x0000000000018704                __stdio_exit_handler
 .bss.__atexit0
                0x0000000000018708      0x190 /usr/bin/../lib/gcc/arm-none-eabi/12.2.1/../../../../arm-none-eabi/lib/libc.a(libc_a-__atexit.o)
                0x0000000000018708                __atexit0
 *(COMMON)
                0x0000000000018898                . = ALIGN ((. != 0x0)?0x4:0x1)
                0x0000000000018898                _bss_end__ = .
                0x0000000000018898                __bss_end__ = .

.noinit         0x0000000000018898        0x0
                0x0000000000018898                . = ALIGN (0x4)
                [!provide]                        PROVIDE (__noinit_start = .)
 *(.noinit .noinit.* .gnu.linkonce.n.*)
                0x0000000000018898                . = ALIGN (0x4)
                [!provide]                        PROVIDE (__noinit_end = .)
                0x0000000000018898                . = ALIGN (0x4)
                0x0000000000018898                . = SEGMENT_START ("ldata-segment", .)
                0x0000000000018898                . = ALIGN (0x4)
                0x0000000000018898                __end__ = .
                0x0000000000018898                _end = .
                0x0000000000018898                PROVIDE (end = .)

.stack          0x0000000000080000        0x0
                0x0000000000080000                _stack = .
 *(.stack)

.stab
 *(.stab)

.stabstr
 *(.stabstr)

.stab.excl
 *(.stab.excl)

.stab.exclstr
 *(.stab.exclstr)

.stab.index
 *(.stab.index)

.stab.indexstr
 *(.stab.indexstr)

.comment        0x0000000000000000       0x45
 *(.comment)
 .comment       0x0000000000000000       0x45 main.o
                                         0x46 (size before relaxing)

.gnu.build.attributes
 *(.gnu.build.attributes .gnu.build.attributes.*)

.debug
 *(.debug)

.line
 *(.line)

.debug_srcinfo
 *(.debug_srcinfo)

.debug_sfnames
 *(.debug_sfnames)

.debug_aranges  0x0000000000000000       0x20
 *(.debug_aranges)
 .debug_aranges
                0x0000000000000000       0x20 main.o

.debug_pubnames
 *(.debug_pubnames)

.debug_info     0x0000000000000000      0x1a1
 *(.debug_info .gnu.linkonce.wi.*)
 .debug_info    0x0000000000000000      0x1a1 main.o

.debug_abbrev   0x0000000000000000       0xa3
 *(.debug_abbrev)
 .debug_abbrev  0x0000000000000000       0xa3 main.o

.debug_line     0x0000000000000000       0xc8
 *(.debug_line .debug_line.* .debug_line_end)
 .debug_line    0x0000000000000000       0xc8 main.o

.debug_frame    0x0000000000000000      0x404
 *(.debug_frame)
 .debug_frame   0x0000000000000000       0x30 main.o
 .debug_frame   0x0000000000000030       0x28 /usr/bin/../lib/gcc/arm-none-eabi/12.2.1/../../../../arm-none-eabi/lib/libc.a(libc_a-exit.o)
 .debug_frame   0x0000000000000058       0x68 /usr/bin/../lib/gcc/arm-none-eabi/12.2.1/../../../../arm-none-eabi/lib/libc.a(libc_a-__call_atexit.o)
 .debug_frame   0x00000000000000c0       0x34 /usr/bin/../lib/gcc/arm-none-eabi/12.2.1/../../../../arm-none-eabi/lib/libc.a(libc_a-memset.o)
 .debug_frame   0x00000000000000f4       0x34 /usr/bin/../lib/gcc/arm-none-eabi/12.2.1/../../../../arm-none-eabi/lib/libc.a(libc_a-init.o)
 .debug_frame   0x0000000000000128       0x34 /usr/bin/../lib/gcc/arm-none-eabi/12.2.1/../../../../arm-none-eabi/lib/libc.a(libc_a-fini.o)
 .debug_frame   0x000000000000015c       0xb0 /usr/bin/../lib/gcc/arm-none-eabi/12.2.1/../../../../arm-none-eabi/lib/libc.a(libc_a-lock.o)
 .debug_frame   0x000000000000020c       0x2c /usr/bin/../lib/gcc/arm-none-eabi/12.2.1/../../../../arm-none-eabi/lib/libc.a(libc_a-atexit.o)
 .debug_frame   0x0000000000000238      0x170 /usr/bin/../lib/gcc/arm-none-eabi/12.2.1/../../../../arm-none-eabi/lib/libc.a(libc_a-findfp.o)
 .debug_frame   0x00000000000003a8       0x3c /usr/bin/../lib/gcc/arm-none-eabi/12.2.1/../../../../arm-none-eabi/lib/libc.a(libc_a-__atexit.o)
 .debug_frame   0x00000000000003e4       0x20 /usr/bin/../lib/gcc/arm-none-eabi/12.2.1/../../../../arm-none-eabi/lib/libnosys.a(_exit.o)

.debug_str      0x0000000000000000      0x141
 *(.debug_str)
 .debug_str     0x0000000000000000      0x141 main.o
                                        0x183 (size before relaxing)

.debug_loc
 *(.debug_loc)

.debug_macinfo
 *(.debug_macinfo)

.debug_weaknames
 *(.debug_weaknames)

.debug_funcnames
 *(.debug_funcnames)

.debug_typenames
 *(.debug_typenames)

.debug_varnames
 *(.debug_varnames)

.debug_pubtypes
 *(.debug_pubtypes)

.debug_ranges
 *(.debug_ranges)

.debug_addr
 *(.debug_addr)

.debug_line_str
                0x0000000000000000       0xc8
 *(.debug_line_str)
 .debug_line_str
                0x0000000000000000       0xc8 /usr/bin/../lib/gcc/arm-none-eabi/12.2.1/../../../../arm-none-eabi/lib/crt0.o

.debug_loclists
 *(.debug_loclists)

.debug_macro
 *(.debug_macro)

.debug_names
 *(.debug_names)

.debug_rnglists
 *(.debug_rnglists)

.debug_str_offsets
 *(.debug_str_offsets)

.debug_sup
 *(.debug_sup)

.ARM.attributes
                0x0000000000000000       0x2b
 *(.ARM.attributes)
 .ARM.attributes
                0x0000000000000000       0x1c /usr/bin/../lib/gcc/arm-none-eabi/12.2.1/crti.o
 .ARM.attributes
                0x000000000000001c       0x2a /usr/bin/../lib/gcc/arm-none-eabi/12.2.1/crtbegin.o
 .ARM.attributes
                0x0000000000000046       0x1a /usr/bin/../lib/gcc/arm-none-eabi/12.2.1/../../../../arm-none-eabi/lib/crt0.o
 .ARM.attributes
                0x0000000000000060       0x2d main.o
 .ARM.attributes
                0x000000000000008d       0x2a /usr/bin/../lib/gcc/arm-none-eabi/12.2.1/../../../../arm-none-eabi/lib/libc.a(libc_a-exit.o)
 .ARM.attributes
                0x00000000000000b7       0x2a /usr/bin/../lib/gcc/arm-none-eabi/12.2.1/../../../../arm-none-eabi/lib/libc.a(libc_a-__call_atexit.o)
 .ARM.attributes
                0x00000000000000e1       0x2a /usr/bin/../lib/gcc/arm-none-eabi/12.2.1/../../../../arm-none-eabi/lib/libc.a(libc_a-memset.o)
 .ARM.attributes
                0x000000000000010b       0x2a /usr/bin/../lib/gcc/arm-none-eabi/12.2.1/../../../../arm-none-eabi/lib/libc.a(libc_a-init.o)
 .ARM.attributes
                0x0000000000000135       0x2a /usr/bin/../lib/gcc/arm-none-eabi/12.2.1/../../../../arm-none-eabi/lib/libc.a(libc_a-fini.o)
 .ARM.attributes
                0x000000000000015f       0x2a /usr/bin/../lib/gcc/arm-none-eabi/12.2.1/../../../../arm-none-eabi/lib/libc.a(libc_a-lock.o)
 .ARM.attributes
                0x0000000000000189       0x2a /usr/bin/../lib/gcc/arm-none-eabi/12.2.1/../../../../arm-none-eabi/lib/libc.a(libc_a-atexit.o)
 .ARM.attributes
                0x00000000000001b3       0x2a /usr/bin/../lib/gcc/arm-none-eabi/12.2.1/../../../../arm-none-eabi/lib/libc.a(libc_a-findfp.o)
 .ARM.attributes
                0x00000000000001dd       0x2a /usr/bin/../lib/gcc/arm-none-eabi/12.2.1/../../../../arm-none-eabi/lib/libc.a(libc_a-stdio.o)
 .ARM.attributes
                0x0000000000000207       0x2a /usr/bin/../lib/gcc/arm-none-eabi/12.2.1/../../../../arm-none-eabi/lib/libc.a(libc_a-fwalk.o)
 .ARM.attributes
                0x0000000000000231       0x2a /usr/bin/../lib/gcc/arm-none-eabi/12.2.1/../../../../arm-none-eabi/lib/libc.a(libc_a-writer.o)
 .ARM.attributes
                0x000000000000025b       0x2a /usr/bin/../lib/gcc/arm-none-eabi/12.2.1/../../../../arm-none-eabi/lib/libc.a(libc_a-__atexit.o)
 .ARM.attributes
                0x0000000000000285       0x2a /usr/bin/../lib/gcc/arm-none-eabi/12.2.1/../../../../arm-none-eabi/lib/libc.a(libc_a-mallocr.o)
 .ARM.attributes
                0x00000000000002af       0x2a /usr/bin/../lib/gcc/arm-none-eabi/12.2.1/../../../../arm-none-eabi/lib/libc.a(libc_a-fclose.o)
 .ARM.attributes
                0x00000000000002d9       0x2a /usr/bin/../lib/gcc/arm-none-eabi/12.2.1/../../../../arm-none-eabi/lib/libc.a(libc_a-sysconf.o)
 .ARM.attributes
                0x0000000000000303       0x2a /usr/bin/../lib/gcc/arm-none-eabi/12.2.1/../../../../arm-none-eabi/lib/libc.a(libc_a-mlock.o)
 .ARM.attributes
                0x000000000000032d       0x2a /usr/bin/../lib/gcc/arm-none-eabi/12.2.1/../../../../arm-none-eabi/lib/libc.a(libc_a-closer.o)
 .ARM.attributes
                0x0000000000000357       0x2a /usr/bin/../lib/gcc/arm-none-eabi/12.2.1/../../../../arm-none-eabi/lib/libc.a(libc_a-reent.o)
 .ARM.attributes
                0x0000000000000381       0x2a /usr/bin/../lib/gcc/arm-none-eabi/12.2.1/../../../../arm-none-eabi/lib/libc.a(libc_a-fflush.o)
 .ARM.attributes
                0x00000000000003ab       0x2a /usr/bin/../lib/gcc/arm-none-eabi/12.2.1/../../../../arm-none-eabi/lib/libc.a(libc_a-impure.o)
 .ARM.attributes
                0x00000000000003d5       0x2a /usr/bin/../lib/gcc/arm-none-eabi/12.2.1/../../../../arm-none-eabi/lib/libc.a(libc_a-freer.o)
 .ARM.attributes
                0x00000000000003ff       0x2a /usr/bin/../lib/gcc/arm-none-eabi/12.2.1/../../../../arm-none-eabi/lib/libc.a(libc_a-lseekr.o)
 .ARM.attributes
                0x0000000000000429       0x2a /usr/bin/../lib/gcc/arm-none-eabi/12.2.1/../../../../arm-none-eabi/lib/libc.a(libc_a-readr.o)
 .ARM.attributes
                0x0000000000000453       0x2a /usr/bin/../lib/gcc/arm-none-eabi/12.2.1/../../../../arm-none-eabi/lib/libc.a(libc_a-sbrkr.o)
 .ARM.attributes
                0x000000000000047d       0x2a /usr/bin/../lib/gcc/arm-none-eabi/12.2.1/../../../../arm-none-eabi/lib/libc.a(libc_a-errno.o)
 .ARM.attributes
                0x00000000000004a7       0x1c /usr/bin/../lib/gcc/arm-none-eabi/12.2.1/libgcc.a(_udivsi3.o)
 .ARM.attributes
                0x00000000000004c3       0x1c /usr/bin/../lib/gcc/arm-none-eabi/12.2.1/libgcc.a(_dvmd_tls.o)
 .ARM.attributes
                0x00000000000004df       0x2a /usr/bin/../lib/gcc/arm-none-eabi/12.2.1/../../../../arm-none-eabi/lib/libnosys.a(close.o)
 .ARM.attributes
                0x0000000000000509       0x2a /usr/bin/../lib/gcc/arm-none-eabi/12.2.1/../../../../arm-none-eabi/lib/libnosys.a(lseek.o)
 .ARM.attributes
                0x0000000000000533       0x2a /usr/bin/../lib/gcc/arm-none-eabi/12.2.1/../../../../arm-none-eabi/lib/libnosys.a(read.o)
 .ARM.attributes
                0x000000000000055d       0x2a /usr/bin/../lib/gcc/arm-none-eabi/12.2.1/../../../../arm-none-eabi/lib/libnosys.a(sbrk.o)
 .ARM.attributes
                0x0000000000000587       0x2a /usr/bin/../lib/gcc/arm-none-eabi/12.2.1/../../../../arm-none-eabi/lib/libnosys.a(write.o)
 .ARM.attributes
                0x00000000000005b1       0x2a /usr/bin/../lib/gcc/arm-none-eabi/12.2.1/../../../../arm-none-eabi/lib/libnosys.a(_exit.o)
 .ARM.attributes
                0x00000000000005db       0x2a /usr/bin/../lib/gcc/arm-none-eabi/12.2.1/crtend.o
 .ARM.attributes
                0x0000000000000605       0x1c /usr/bin/../lib/gcc/arm-none-eabi/12.2.1/crtn.o
 *(.gnu.attributes)

.note.gnu.arm.ident
 *(.note.gnu.arm.ident)

/DISCARD/
 *(.note.GNU-stack)
 *(.gnu_debuglink)
 *(.gnu.lto_*)
OUTPUT(main.elf elf32-littlearm)
LOAD linker stubs

Cross Reference Table

Symbol                                            File
_ITM_deregisterTMCloneTable                       /usr/bin/../lib/gcc/arm-none-eabi/12.2.1/crtbegin.o
_ITM_registerTMCloneTable                         /usr/bin/../lib/gcc/arm-none-eabi/12.2.1/crtbegin.o
__TMC_END__                                       /usr/bin/../lib/gcc/arm-none-eabi/12.2.1/crtend.o
                                                  /usr/bin/../lib/gcc/arm-none-eabi/12.2.1/crtbegin.o
__aeabi_idiv0                                     /usr/bin/../lib/gcc/arm-none-eabi/12.2.1/libgcc.a(_dvmd_tls.o)
                                                  /usr/bin/../lib/gcc/arm-none-eabi/12.2.1/libgcc.a(_udivsi3.o)
__aeabi_ldiv0                                     /usr/bin/../lib/gcc/arm-none-eabi/12.2.1/libgcc.a(_dvmd_tls.o)
__aeabi_uidiv                                     /usr/bin/../lib/gcc/arm-none-eabi/12.2.1/libgcc.a(_udivsi3.o)
                                                  /usr/bin/../lib/gcc/arm-none-eabi/12.2.1/../../../../arm-none-eabi/lib/libc.a(libc_a-freer.o)
__aeabi_uidivmod                                  /usr/bin/../lib/gcc/arm-none-eabi/12.2.1/libgcc.a(_udivsi3.o)
__atexit                                          /usr/bin/../lib/gcc/arm-none-eabi/12.2.1/../../../../arm-none-eabi/lib/libc.a(libc_a-__call_atexit.o)
                                                  /usr/bin/../lib/gcc/arm-none-eabi/12.2.1/../../../../arm-none-eabi/lib/libc.a(libc_a-__atexit.o)
__atexit0                                         /usr/bin/../lib/gcc/arm-none-eabi/12.2.1/../../../../arm-none-eabi/lib/libc.a(libc_a-__atexit.o)
__atexit_recursive_mutex                          /usr/bin/../lib/gcc/arm-none-eabi/12.2.1/../../../../arm-none-eabi/lib/libc.a(libc_a-__call_atexit.o)
                                                  /usr/bin/../lib/gcc/arm-none-eabi/12.2.1/../../../../arm-none-eabi/lib/libc.a(libc_a-__atexit.o)
__bss_end__                                       /usr/bin/../lib/gcc/arm-none-eabi/12.2.1/../../../../arm-none-eabi/lib/crt0.o
__bss_start__                                     /usr/bin/../lib/gcc/arm-none-eabi/12.2.1/../../../../arm-none-eabi/lib/crt0.o
__call_exitprocs                                  /usr/bin/../lib/gcc/arm-none-eabi/12.2.1/../../../../arm-none-eabi/lib/libc.a(libc_a-__call_atexit.o)
                                                  /usr/bin/../lib/gcc/arm-none-eabi/12.2.1/../../../../arm-none-eabi/lib/libc.a(libc_a-exit.o)
__deregister_frame_info                           /usr/bin/../lib/gcc/arm-none-eabi/12.2.1/crtbegin.o
__dso_handle                                      /usr/bin/../lib/gcc/arm-none-eabi/12.2.1/crtbegin.o
__errno                                           /usr/bin/../lib/gcc/arm-none-eabi/12.2.1/../../../../arm-none-eabi/lib/libc.a(libc_a-errno.o)
                                                  /usr/bin/../lib/gcc/arm-none-eabi/12.2.1/../../../../arm-none-eabi/lib/libc.a(libc_a-sysconf.o)
__fini_array_end                                  /usr/bin/../lib/gcc/arm-none-eabi/12.2.1/../../../../arm-none-eabi/lib/libc.a(libc_a-fini.o)
__fini_array_start                                /usr/bin/../lib/gcc/arm-none-eabi/12.2.1/../../../../arm-none-eabi/lib/libc.a(libc_a-fini.o)
__fp_lock_all                                     /usr/bin/../lib/gcc/arm-none-eabi/12.2.1/../../../../arm-none-eabi/lib/libc.a(libc_a-findfp.o)
__fp_unlock_all                                   /usr/bin/../lib/gcc/arm-none-eabi/12.2.1/../../../../arm-none-eabi/lib/libc.a(libc_a-findfp.o)
__init_array_end                                  /usr/bin/../lib/gcc/arm-none-eabi/12.2.1/../../../../arm-none-eabi/lib/libc.a(libc_a-init.o)
__init_array_start                                /usr/bin/../lib/gcc/arm-none-eabi/12.2.1/../../../../arm-none-eabi/lib/libc.a(libc_a-init.o)
__libc_fini                                       /usr/bin/../lib/gcc/arm-none-eabi/12.2.1/../../../../arm-none-eabi/lib/libc.a(libc_a-__call_atexit.o)
__libc_fini_array                                 /usr/bin/../lib/gcc/arm-none-eabi/12.2.1/../../../../arm-none-eabi/lib/libc.a(libc_a-fini.o)
                                                  /usr/bin/../lib/gcc/arm-none-eabi/12.2.1/../../../../arm-none-eabi/lib/libc.a(libc_a-__call_atexit.o)
                                                  /usr/bin/../lib/gcc/arm-none-eabi/12.2.1/../../../../arm-none-eabi/lib/crt0.o
__libc_init_array                                 /usr/bin/../lib/gcc/arm-none-eabi/12.2.1/../../../../arm-none-eabi/lib/libc.a(libc_a-init.o)
                                                  /usr/bin/../lib/gcc/arm-none-eabi/12.2.1/../../../../arm-none-eabi/lib/crt0.o
__lock___arc4random_mutex                         /usr/bin/../lib/gcc/arm-none-eabi/12.2.1/../../../../arm-none-eabi/lib/libc.a(libc_a-lock.o)
__lock___at_quick_exit_mutex                      /usr/bin/../lib/gcc/arm-none-eabi/12.2.1/../../../../arm-none-eabi/lib/libc.a(libc_a-lock.o)
__lock___atexit_recursive_mutex                   /usr/bin/../lib/gcc/arm-none-eabi/12.2.1/../../../../arm-none-eabi/lib/libc.a(libc_a-lock.o)
                                                  /usr/bin/../lib/gcc/arm-none-eabi/12.2.1/../../../../arm-none-eabi/lib/libc.a(libc_a-__call_atexit.o)
__lock___dd_hash_mutex                            /usr/bin/../lib/gcc/arm-none-eabi/12.2.1/../../../../arm-none-eabi/lib/libc.a(libc_a-lock.o)
__lock___env_recursive_mutex                      /usr/bin/../lib/gcc/arm-none-eabi/12.2.1/../../../../arm-none-eabi/lib/libc.a(libc_a-lock.o)
__lock___malloc_recursive_mutex                   /usr/bin/../lib/gcc/arm-none-eabi/12.2.1/../../../../arm-none-eabi/lib/libc.a(libc_a-lock.o)
                                                  /usr/bin/../lib/gcc/arm-none-eabi/12.2.1/../../../../arm-none-eabi/lib/libc.a(libc_a-mlock.o)
__lock___sfp_recursive_mutex                      /usr/bin/../lib/gcc/arm-none-eabi/12.2.1/../../../../arm-none-eabi/lib/libc.a(libc_a-lock.o)
                                                  /usr/bin/../lib/gcc/arm-none-eabi/12.2.1/../../../../arm-none-eabi/lib/libc.a(libc_a-findfp.o)
__lock___tz_mutex                                 /usr/bin/../lib/gcc/arm-none-eabi/12.2.1/../../../../arm-none-eabi/lib/libc.a(libc_a-lock.o)
__malloc_av_                                      /usr/bin/../lib/gcc/arm-none-eabi/12.2.1/../../../../arm-none-eabi/lib/libc.a(libc_a-mallocr.o)
                                                  /usr/bin/../lib/gcc/arm-none-eabi/12.2.1/../../../../arm-none-eabi/lib/libc.a(libc_a-freer.o)
__malloc_current_mallinfo                         /usr/bin/../lib/gcc/arm-none-eabi/12.2.1/../../../../arm-none-eabi/lib/libc.a(libc_a-mallocr.o)
                                                  /usr/bin/../lib/gcc/arm-none-eabi/12.2.1/../../../../arm-none-eabi/lib/libc.a(libc_a-freer.o)
__malloc_lock                                     /usr/bin/../lib/gcc/arm-none-eabi/12.2.1/../../../../arm-none-eabi/lib/libc.a(libc_a-mlock.o)
                                                  /usr/bin/../lib/gcc/arm-none-eabi/12.2.1/../../../../arm-none-eabi/lib/libc.a(libc_a-freer.o)
                                                  /usr/bin/../lib/gcc/arm-none-eabi/12.2.1/../../../../arm-none-eabi/lib/libc.a(libc_a-mallocr.o)
__malloc_max_sbrked_mem                           /usr/bin/../lib/gcc/arm-none-eabi/12.2.1/../../../../arm-none-eabi/lib/libc.a(libc_a-mallocr.o)
__malloc_max_total_mem                            /usr/bin/../lib/gcc/arm-none-eabi/12.2.1/../../../../arm-none-eabi/lib/libc.a(libc_a-mallocr.o)
__malloc_sbrk_base                                /usr/bin/../lib/gcc/arm-none-eabi/12.2.1/../../../../arm-none-eabi/lib/libc.a(libc_a-mallocr.o)
                                                  /usr/bin/../lib/gcc/arm-none-eabi/12.2.1/../../../../arm-none-eabi/lib/libc.a(libc_a-freer.o)
__malloc_top_pad                                  /usr/bin/../lib/gcc/arm-none-eabi/12.2.1/../../../../arm-none-eabi/lib/libc.a(libc_a-mallocr.o)
                                                  /usr/bin/../lib/gcc/arm-none-eabi/12.2.1/../../../../arm-none-eabi/lib/libc.a(libc_a-freer.o)
__malloc_trim_threshold                           /usr/bin/../lib/gcc/arm-none-eabi/12.2.1/../../../../arm-none-eabi/lib/libc.a(libc_a-mallocr.o)
                                                  /usr/bin/../lib/gcc/arm-none-eabi/12.2.1/../../../../arm-none-eabi/lib/libc.a(libc_a-freer.o)
__malloc_unlock                                   /usr/bin/../lib/gcc/arm-none-eabi/12.2.1/../../../../arm-none-eabi/lib/libc.a(libc_a-mlock.o)
                                                  /usr/bin/../lib/gcc/arm-none-eabi/12.2.1/../../../../arm-none-eabi/lib/libc.a(libc_a-freer.o)
                                                  /usr/bin/../lib/gcc/arm-none-eabi/12.2.1/../../../../arm-none-eabi/lib/libc.a(libc_a-mallocr.o)
__preinit_array_end                               /usr/bin/../lib/gcc/arm-none-eabi/12.2.1/../../../../arm-none-eabi/lib/libc.a(libc_a-init.o)
__preinit_array_start                             /usr/bin/../lib/gcc/arm-none-eabi/12.2.1/../../../../arm-none-eabi/lib/libc.a(libc_a-init.o)
__register_exitproc                               /usr/bin/../lib/gcc/arm-none-eabi/12.2.1/../../../../arm-none-eabi/lib/libc.a(libc_a-__atexit.o)
                                                  /usr/bin/../lib/gcc/arm-none-eabi/12.2.1/../../../../arm-none-eabi/lib/libc.a(libc_a-atexit.o)
__register_frame_info                             /usr/bin/../lib/gcc/arm-none-eabi/12.2.1/crtbegin.o
__retarget_lock_acquire                           /usr/bin/../lib/gcc/arm-none-eabi/12.2.1/../../../../arm-none-eabi/lib/libc.a(libc_a-lock.o)
__retarget_lock_acquire_recursive                 /usr/bin/../lib/gcc/arm-none-eabi/12.2.1/../../../../arm-none-eabi/lib/libc.a(libc_a-lock.o)
                                                  /usr/bin/../lib/gcc/arm-none-eabi/12.2.1/../../../../arm-none-eabi/lib/libc.a(libc_a-fflush.o)
                                                  /usr/bin/../lib/gcc/arm-none-eabi/12.2.1/../../../../arm-none-eabi/lib/libc.a(libc_a-mlock.o)
                                                  /usr/bin/../lib/gcc/arm-none-eabi/12.2.1/../../../../arm-none-eabi/lib/libc.a(libc_a-fclose.o)
                                                  /usr/bin/../lib/gcc/arm-none-eabi/12.2.1/../../../../arm-none-eabi/lib/libc.a(libc_a-__atexit.o)
                                                  /usr/bin/../lib/gcc/arm-none-eabi/12.2.1/../../../../arm-none-eabi/lib/libc.a(libc_a-findfp.o)
                                                  /usr/bin/../lib/gcc/arm-none-eabi/12.2.1/../../../../arm-none-eabi/lib/libc.a(libc_a-__call_atexit.o)
__retarget_lock_close                             /usr/bin/../lib/gcc/arm-none-eabi/12.2.1/../../../../arm-none-eabi/lib/libc.a(libc_a-lock.o)
__retarget_lock_close_recursive                   /usr/bin/../lib/gcc/arm-none-eabi/12.2.1/../../../../arm-none-eabi/lib/libc.a(libc_a-lock.o)
                                                  /usr/bin/../lib/gcc/arm-none-eabi/12.2.1/../../../../arm-none-eabi/lib/libc.a(libc_a-fclose.o)
__retarget_lock_init                              /usr/bin/../lib/gcc/arm-none-eabi/12.2.1/../../../../arm-none-eabi/lib/libc.a(libc_a-lock.o)
__retarget_lock_init_recursive                    /usr/bin/../lib/gcc/arm-none-eabi/12.2.1/../../../../arm-none-eabi/lib/libc.a(libc_a-lock.o)
                                                  /usr/bin/../lib/gcc/arm-none-eabi/12.2.1/../../../../arm-none-eabi/lib/libc.a(libc_a-findfp.o)
__retarget_lock_release                           /usr/bin/../lib/gcc/arm-none-eabi/12.2.1/../../../../arm-none-eabi/lib/libc.a(libc_a-lock.o)
__retarget_lock_release_recursive                 /usr/bin/../lib/gcc/arm-none-eabi/12.2.1/../../../../arm-none-eabi/lib/libc.a(libc_a-lock.o)
                                                  /usr/bin/../lib/gcc/arm-none-eabi/12.2.1/../../../../arm-none-eabi/lib/libc.a(libc_a-fflush.o)
                                                  /usr/bin/../lib/gcc/arm-none-eabi/12.2.1/../../../../arm-none-eabi/lib/libc.a(libc_a-mlock.o)
                                                  /usr/bin/../lib/gcc/arm-none-eabi/12.2.1/../../../../arm-none-eabi/lib/libc.a(libc_a-fclose.o)
                                                  /usr/bin/../lib/gcc/arm-none-eabi/12.2.1/../../../../arm-none-eabi/lib/libc.a(libc_a-__atexit.o)
                                                  /usr/bin/../lib/gcc/arm-none-eabi/12.2.1/../../../../arm-none-eabi/lib/libc.a(libc_a-findfp.o)
                                                  /usr/bin/../lib/gcc/arm-none-eabi/12.2.1/../../../../arm-none-eabi/lib/libc.a(libc_a-__call_atexit.o)
__retarget_lock_try_acquire                       /usr/bin/../lib/gcc/arm-none-eabi/12.2.1/../../../../arm-none-eabi/lib/libc.a(libc_a-lock.o)
__retarget_lock_try_acquire_recursive             /usr/bin/../lib/gcc/arm-none-eabi/12.2.1/../../../../arm-none-eabi/lib/libc.a(libc_a-lock.o)
__sclose                                          /usr/bin/../lib/gcc/arm-none-eabi/12.2.1/../../../../arm-none-eabi/lib/libc.a(libc_a-stdio.o)
                                                  /usr/bin/../lib/gcc/arm-none-eabi/12.2.1/../../../../arm-none-eabi/lib/libc.a(libc_a-findfp.o)
__seofread                                        /usr/bin/../lib/gcc/arm-none-eabi/12.2.1/../../../../arm-none-eabi/lib/libc.a(libc_a-stdio.o)
__sf                                              /usr/bin/../lib/gcc/arm-none-eabi/12.2.1/../../../../arm-none-eabi/lib/libc.a(libc_a-findfp.o)
                                                  /usr/bin/../lib/gcc/arm-none-eabi/12.2.1/../../../../arm-none-eabi/lib/libc.a(libc_a-impure.o)
__sflush_r                                        /usr/bin/../lib/gcc/arm-none-eabi/12.2.1/../../../../arm-none-eabi/lib/libc.a(libc_a-fflush.o)
                                                  /usr/bin/../lib/gcc/arm-none-eabi/12.2.1/../../../../arm-none-eabi/lib/libc.a(libc_a-fclose.o)
__sfp                                             /usr/bin/../lib/gcc/arm-none-eabi/12.2.1/../../../../arm-none-eabi/lib/libc.a(libc_a-findfp.o)
__sfp_lock_acquire                                /usr/bin/../lib/gcc/arm-none-eabi/12.2.1/../../../../arm-none-eabi/lib/libc.a(libc_a-findfp.o)
                                                  /usr/bin/../lib/gcc/arm-none-eabi/12.2.1/../../../../arm-none-eabi/lib/libc.a(libc_a-fclose.o)
__sfp_lock_release                                /usr/bin/../lib/gcc/arm-none-eabi/12.2.1/../../../../arm-none-eabi/lib/libc.a(libc_a-findfp.o)
                                                  /usr/bin/../lib/gcc/arm-none-eabi/12.2.1/../../../../arm-none-eabi/lib/libc.a(libc_a-fclose.o)
__sglue                                           /usr/bin/../lib/gcc/arm-none-eabi/12.2.1/../../../../arm-none-eabi/lib/libc.a(libc_a-findfp.o)
                                                  /usr/bin/../lib/gcc/arm-none-eabi/12.2.1/../../../../arm-none-eabi/lib/libc.a(libc_a-fflush.o)
__sinit                                           /usr/bin/../lib/gcc/arm-none-eabi/12.2.1/../../../../arm-none-eabi/lib/libc.a(libc_a-findfp.o)
                                                  /usr/bin/../lib/gcc/arm-none-eabi/12.2.1/../../../../arm-none-eabi/lib/libc.a(libc_a-fflush.o)
                                                  /usr/bin/../lib/gcc/arm-none-eabi/12.2.1/../../../../arm-none-eabi/lib/libc.a(libc_a-fclose.o)
__sread                                           /usr/bin/../lib/gcc/arm-none-eabi/12.2.1/../../../../arm-none-eabi/lib/libc.a(libc_a-stdio.o)
                                                  /usr/bin/../lib/gcc/arm-none-eabi/12.2.1/../../../../arm-none-eabi/lib/libc.a(libc_a-findfp.o)
__sseek                                           /usr/bin/../lib/gcc/arm-none-eabi/12.2.1/../../../../arm-none-eabi/lib/libc.a(libc_a-stdio.o)
                                                  /usr/bin/../lib/gcc/arm-none-eabi/12.2.1/../../../../arm-none-eabi/lib/libc.a(libc_a-findfp.o)
__stack                                           /usr/bin/../lib/gcc/arm-none-eabi/12.2.1/../../../../arm-none-eabi/lib/crt0.o
__stdio_exit_handler                              /usr/bin/../lib/gcc/arm-none-eabi/12.2.1/../../../../arm-none-eabi/lib/libc.a(libc_a-findfp.o)
                                                  /usr/bin/../lib/gcc/arm-none-eabi/12.2.1/../../../../arm-none-eabi/lib/libc.a(libc_a-exit.o)
__swrite                                          /usr/bin/../lib/gcc/arm-none-eabi/12.2.1/../../../../arm-none-eabi/lib/libc.a(libc_a-stdio.o)
                                                  /usr/bin/../lib/gcc/arm-none-eabi/12.2.1/../../../../arm-none-eabi/lib/libc.a(libc_a-findfp.o)
__udivsi3                                         /usr/bin/../lib/gcc/arm-none-eabi/12.2.1/libgcc.a(_udivsi3.o)
_close                                            /usr/bin/../lib/gcc/arm-none-eabi/12.2.1/../../../../arm-none-eabi/lib/libnosys.a(close.o)
                                                  /usr/bin/../lib/gcc/arm-none-eabi/12.2.1/../../../../arm-none-eabi/lib/libc.a(libc_a-closer.o)
_close_r                                          /usr/bin/../lib/gcc/arm-none-eabi/12.2.1/../../../../arm-none-eabi/lib/libc.a(libc_a-closer.o)
                                                  /usr/bin/../lib/gcc/arm-none-eabi/12.2.1/../../../../arm-none-eabi/lib/libc.a(libc_a-stdio.o)
_exit                                             /usr/bin/../lib/gcc/arm-none-eabi/12.2.1/../../../../arm-none-eabi/lib/libnosys.a(_exit.o)
                                                  /usr/bin/../lib/gcc/arm-none-eabi/12.2.1/../../../../arm-none-eabi/lib/libc.a(libc_a-exit.o)
_fclose_r                                         /usr/bin/../lib/gcc/arm-none-eabi/12.2.1/../../../../arm-none-eabi/lib/libc.a(libc_a-fclose.o)
                                                  /usr/bin/../lib/gcc/arm-none-eabi/12.2.1/../../../../arm-none-eabi/lib/libc.a(libc_a-findfp.o)
_fflush_r                                         /usr/bin/../lib/gcc/arm-none-eabi/12.2.1/../../../../arm-none-eabi/lib/libc.a(libc_a-fflush.o)
_fini                                             /usr/bin/../lib/gcc/arm-none-eabi/12.2.1/crti.o
                                                  /usr/bin/../lib/gcc/arm-none-eabi/12.2.1/../../../../arm-none-eabi/lib/libc.a(libc_a-fini.o)
_free_r                                           /usr/bin/../lib/gcc/arm-none-eabi/12.2.1/../../../../arm-none-eabi/lib/libc.a(libc_a-freer.o)
                                                  /usr/bin/../lib/gcc/arm-none-eabi/12.2.1/../../../../arm-none-eabi/lib/libc.a(libc_a-fflush.o)
                                                  /usr/bin/../lib/gcc/arm-none-eabi/12.2.1/../../../../arm-none-eabi/lib/libc.a(libc_a-reent.o)
                                                  /usr/bin/../lib/gcc/arm-none-eabi/12.2.1/../../../../arm-none-eabi/lib/libc.a(libc_a-fclose.o)
                                                  /usr/bin/../lib/gcc/arm-none-eabi/12.2.1/../../../../arm-none-eabi/lib/libc.a(libc_a-mallocr.o)
_fwalk_sglue                                      /usr/bin/../lib/gcc/arm-none-eabi/12.2.1/../../../../arm-none-eabi/lib/libc.a(libc_a-fwalk.o)
                                                  /usr/bin/../lib/gcc/arm-none-eabi/12.2.1/../../../../arm-none-eabi/lib/libc.a(libc_a-fflush.o)
                                                  /usr/bin/../lib/gcc/arm-none-eabi/12.2.1/../../../../arm-none-eabi/lib/libc.a(libc_a-findfp.o)
_impure_data                                      /usr/bin/../lib/gcc/arm-none-eabi/12.2.1/../../../../arm-none-eabi/lib/libc.a(libc_a-impure.o)
                                                  /usr/bin/../lib/gcc/arm-none-eabi/12.2.1/../../../../arm-none-eabi/lib/libc.a(libc_a-fflush.o)
                                                  /usr/bin/../lib/gcc/arm-none-eabi/12.2.1/../../../../arm-none-eabi/lib/libc.a(libc_a-findfp.o)
_impure_ptr                                       /usr/bin/../lib/gcc/arm-none-eabi/12.2.1/../../../../arm-none-eabi/lib/libc.a(libc_a-impure.o)
                                                  /usr/bin/../lib/gcc/arm-none-eabi/12.2.1/../../../../arm-none-eabi/lib/libc.a(libc_a-errno.o)
                                                  /usr/bin/../lib/gcc/arm-none-eabi/12.2.1/../../../../arm-none-eabi/lib/libc.a(libc_a-fflush.o)
                                                  /usr/bin/../lib/gcc/arm-none-eabi/12.2.1/../../../../arm-none-eabi/lib/libc.a(libc_a-reent.o)
                                                  /usr/bin/../lib/gcc/arm-none-eabi/12.2.1/../../../../arm-none-eabi/lib/libc.a(libc_a-fclose.o)
_init                                             /usr/bin/../lib/gcc/arm-none-eabi/12.2.1/crti.o
                                                  /usr/bin/../lib/gcc/arm-none-eabi/12.2.1/../../../../arm-none-eabi/lib/libc.a(libc_a-init.o)
_lseek                                            /usr/bin/../lib/gcc/arm-none-eabi/12.2.1/../../../../arm-none-eabi/lib/libnosys.a(lseek.o)
                                                  /usr/bin/../lib/gcc/arm-none-eabi/12.2.1/../../../../arm-none-eabi/lib/libc.a(libc_a-lseekr.o)
_lseek_r                                          /usr/bin/../lib/gcc/arm-none-eabi/12.2.1/../../../../arm-none-eabi/lib/libc.a(libc_a-lseekr.o)
                                                  /usr/bin/../lib/gcc/arm-none-eabi/12.2.1/../../../../arm-none-eabi/lib/libc.a(libc_a-stdio.o)
_mainCRTStartup                                   /usr/bin/../lib/gcc/arm-none-eabi/12.2.1/../../../../arm-none-eabi/lib/crt0.o
_malloc_r                                         /usr/bin/../lib/gcc/arm-none-eabi/12.2.1/../../../../arm-none-eabi/lib/libc.a(libc_a-mallocr.o)
                                                  /usr/bin/../lib/gcc/arm-none-eabi/12.2.1/../../../../arm-none-eabi/lib/libc.a(libc_a-findfp.o)
_malloc_trim_r                                    /usr/bin/../lib/gcc/arm-none-eabi/12.2.1/../../../../arm-none-eabi/lib/libc.a(libc_a-freer.o)
_read                                             /usr/bin/../lib/gcc/arm-none-eabi/12.2.1/../../../../arm-none-eabi/lib/libnosys.a(read.o)
                                                  /usr/bin/../lib/gcc/arm-none-eabi/12.2.1/../../../../arm-none-eabi/lib/libc.a(libc_a-readr.o)
_read_r                                           /usr/bin/../lib/gcc/arm-none-eabi/12.2.1/../../../../arm-none-eabi/lib/libc.a(libc_a-readr.o)
                                                  /usr/bin/../lib/gcc/arm-none-eabi/12.2.1/../../../../arm-none-eabi/lib/libc.a(libc_a-stdio.o)
_reclaim_reent                                    /usr/bin/../lib/gcc/arm-none-eabi/12.2.1/../../../../arm-none-eabi/lib/libc.a(libc_a-reent.o)
_sbrk                                             /usr/bin/../lib/gcc/arm-none-eabi/12.2.1/../../../../arm-none-eabi/lib/libnosys.a(sbrk.o)
                                                  /usr/bin/../lib/gcc/arm-none-eabi/12.2.1/../../../../arm-none-eabi/lib/libc.a(libc_a-sbrkr.o)
_sbrk_r                                           /usr/bin/../lib/gcc/arm-none-eabi/12.2.1/../../../../arm-none-eabi/lib/libc.a(libc_a-sbrkr.o)
                                                  /usr/bin/../lib/gcc/arm-none-eabi/12.2.1/../../../../arm-none-eabi/lib/libc.a(libc_a-freer.o)
                                                  /usr/bin/../lib/gcc/arm-none-eabi/12.2.1/../../../../arm-none-eabi/lib/libc.a(libc_a-mallocr.o)
_stack_init                                       /usr/bin/../lib/gcc/arm-none-eabi/12.2.1/../../../../arm-none-eabi/lib/crt0.o
_start                                            /usr/bin/../lib/gcc/arm-none-eabi/12.2.1/../../../../arm-none-eabi/lib/crt0.o
_write                                            /usr/bin/../lib/gcc/arm-none-eabi/12.2.1/../../../../arm-none-eabi/lib/libnosys.a(write.o)
                                                  /usr/bin/../lib/gcc/arm-none-eabi/12.2.1/../../../../arm-none-eabi/lib/libc.a(libc_a-writer.o)
_write_r                                          /usr/bin/../lib/gcc/arm-none-eabi/12.2.1/../../../../arm-none-eabi/lib/libc.a(libc_a-writer.o)
                                                  /usr/bin/../lib/gcc/arm-none-eabi/12.2.1/../../../../arm-none-eabi/lib/libc.a(libc_a-stdio.o)
atexit                                            /usr/bin/../lib/gcc/arm-none-eabi/12.2.1/../../../../arm-none-eabi/lib/libc.a(libc_a-atexit.o)
                                                  /usr/bin/../lib/gcc/arm-none-eabi/12.2.1/../../../../arm-none-eabi/lib/libc.a(libc_a-__call_atexit.o)
                                                  /usr/bin/../lib/gcc/arm-none-eabi/12.2.1/../../../../arm-none-eabi/lib/crt0.o
end                                               /usr/bin/../lib/gcc/arm-none-eabi/12.2.1/../../../../arm-none-eabi/lib/libnosys.a(sbrk.o)
errno                                             /usr/bin/../lib/gcc/arm-none-eabi/12.2.1/../../../../arm-none-eabi/lib/libc.a(libc_a-reent.o)
                                                  /usr/bin/../lib/gcc/arm-none-eabi/12.2.1/../../../../arm-none-eabi/lib/libnosys.a(write.o)
                                                  /usr/bin/../lib/gcc/arm-none-eabi/12.2.1/../../../../arm-none-eabi/lib/libnosys.a(read.o)
                                                  /usr/bin/../lib/gcc/arm-none-eabi/12.2.1/../../../../arm-none-eabi/lib/libnosys.a(lseek.o)
                                                  /usr/bin/../lib/gcc/arm-none-eabi/12.2.1/../../../../arm-none-eabi/lib/libnosys.a(close.o)
                                                  /usr/bin/../lib/gcc/arm-none-eabi/12.2.1/../../../../arm-none-eabi/lib/libc.a(libc_a-sbrkr.o)
                                                  /usr/bin/../lib/gcc/arm-none-eabi/12.2.1/../../../../arm-none-eabi/lib/libc.a(libc_a-readr.o)
                                                  /usr/bin/../lib/gcc/arm-none-eabi/12.2.1/../../../../arm-none-eabi/lib/libc.a(libc_a-lseekr.o)
                                                  /usr/bin/../lib/gcc/arm-none-eabi/12.2.1/../../../../arm-none-eabi/lib/libc.a(libc_a-closer.o)
                                                  /usr/bin/../lib/gcc/arm-none-eabi/12.2.1/../../../../arm-none-eabi/lib/libc.a(libc_a-writer.o)
exit                                              /usr/bin/../lib/gcc/arm-none-eabi/12.2.1/../../../../arm-none-eabi/lib/libc.a(libc_a-exit.o)
                                                  /usr/bin/../lib/gcc/arm-none-eabi/12.2.1/../../../../arm-none-eabi/lib/crt0.o
fclose                                            /usr/bin/../lib/gcc/arm-none-eabi/12.2.1/../../../../arm-none-eabi/lib/libc.a(libc_a-fclose.o)
fflush                                            /usr/bin/../lib/gcc/arm-none-eabi/12.2.1/../../../../arm-none-eabi/lib/libc.a(libc_a-fflush.o)
hardware_init_hook                                /usr/bin/../lib/gcc/arm-none-eabi/12.2.1/../../../../arm-none-eabi/lib/crt0.o
main                                              main.o
                                                  /usr/bin/../lib/gcc/arm-none-eabi/12.2.1/../../../../arm-none-eabi/lib/crt0.o
memset                                            /usr/bin/../lib/gcc/arm-none-eabi/12.2.1/../../../../arm-none-eabi/lib/libc.a(libc_a-memset.o)
                                                  /usr/bin/../lib/gcc/arm-none-eabi/12.2.1/../../../../arm-none-eabi/lib/libc.a(libc_a-findfp.o)
                                                  /usr/bin/../lib/gcc/arm-none-eabi/12.2.1/../../../../arm-none-eabi/lib/crt0.o
software_init_hook                                /usr/bin/../lib/gcc/arm-none-eabi/12.2.1/../../../../arm-none-eabi/lib/crt0.o
sysconf                                           /usr/bin/../lib/gcc/arm-none-eabi/12.2.1/../../../../arm-none-eabi/lib/libc.a(libc_a-sysconf.o)
                                                  /usr/bin/../lib/gcc/arm-none-eabi/12.2.1/../../../../arm-none-eabi/lib/libc.a(libc_a-freer.o)
                                                  /usr/bin/../lib/gcc/arm-none-eabi/12.2.1/../../../../arm-none-eabi/lib/libc.a(libc_a-mallocr.o)
